Archive member included to satisfy reference by file (symbol)

c:/program files (x86)/atmel/studio/7.0/toolchain/arm/arm-gnu-toolchain/bin/../lib/gcc/arm-none-eabi/6.3.1/thumb/v7-m\libgcc.a(_arm_addsubsf3.o)
                              src/esc.o (__aeabi_fadd)
c:/program files (x86)/atmel/studio/7.0/toolchain/arm/arm-gnu-toolchain/bin/../lib/gcc/arm-none-eabi/6.3.1/thumb/v7-m\libgcc.a(_arm_muldivsf3.o)
                              src/esc.o (__aeabi_fmul)
c:/program files (x86)/atmel/studio/7.0/toolchain/arm/arm-gnu-toolchain/bin/../lib/gcc/arm-none-eabi/6.3.1/thumb/v7-m\libgcc.a(_arm_fixunssfsi.o)
                              src/esc.o (__aeabi_f2uiz)
c:/program files (x86)/atmel/studio/7.0/toolchain/arm/arm-gnu-toolchain/bin/../lib/gcc/arm-none-eabi/6.3.1/../../../../arm-none-eabi/lib/thumb/v7-m\libc.a(lib_a-exit.o)
                              c:/program files (x86)/atmel/studio/7.0/toolchain/arm/arm-gnu-toolchain/bin/../lib/gcc/arm-none-eabi/6.3.1/../../../../arm-none-eabi/lib/thumb/v7-m/crt0.o (exit)
c:/program files (x86)/atmel/studio/7.0/toolchain/arm/arm-gnu-toolchain/bin/../lib/gcc/arm-none-eabi/6.3.1/../../../../arm-none-eabi/lib/thumb/v7-m\libc.a(lib_a-impure.o)
                              c:/program files (x86)/atmel/studio/7.0/toolchain/arm/arm-gnu-toolchain/bin/../lib/gcc/arm-none-eabi/6.3.1/../../../../arm-none-eabi/lib/thumb/v7-m\libc.a(lib_a-exit.o) (_global_impure_ptr)
c:/program files (x86)/atmel/studio/7.0/toolchain/arm/arm-gnu-toolchain/bin/../lib/gcc/arm-none-eabi/6.3.1/../../../../arm-none-eabi/lib/thumb/v7-m\libc.a(lib_a-init.o)
                              c:/program files (x86)/atmel/studio/7.0/toolchain/arm/arm-gnu-toolchain/bin/../lib/gcc/arm-none-eabi/6.3.1/../../../../arm-none-eabi/lib/thumb/v7-m/crt0.o (__libc_init_array)
c:/program files (x86)/atmel/studio/7.0/toolchain/arm/arm-gnu-toolchain/bin/../lib/gcc/arm-none-eabi/6.3.1/../../../../arm-none-eabi/lib/thumb/v7-m\libc.a(lib_a-iprintf.o)
                              src/esc.o (iprintf)
c:/program files (x86)/atmel/studio/7.0/toolchain/arm/arm-gnu-toolchain/bin/../lib/gcc/arm-none-eabi/6.3.1/../../../../arm-none-eabi/lib/thumb/v7-m\libc.a(lib_a-memset.o)
                              c:/program files (x86)/atmel/studio/7.0/toolchain/arm/arm-gnu-toolchain/bin/../lib/gcc/arm-none-eabi/6.3.1/../../../../arm-none-eabi/lib/thumb/v7-m/crt0.o (memset)
c:/program files (x86)/atmel/studio/7.0/toolchain/arm/arm-gnu-toolchain/bin/../lib/gcc/arm-none-eabi/6.3.1/../../../../arm-none-eabi/lib/thumb/v7-m\libc.a(lib_a-rget.o)
                              src/esc.o (__srget_r)
c:/program files (x86)/atmel/studio/7.0/toolchain/arm/arm-gnu-toolchain/bin/../lib/gcc/arm-none-eabi/6.3.1/../../../../arm-none-eabi/lib/thumb/v7-m\libc.a(lib_a-setbuf.o)
                              src/main.o (setbuf)
c:/program files (x86)/atmel/studio/7.0/toolchain/arm/arm-gnu-toolchain/bin/../lib/gcc/arm-none-eabi/6.3.1/../../../../arm-none-eabi/lib/thumb/v7-m\libc.a(lib_a-setvbuf.o)
                              c:/program files (x86)/atmel/studio/7.0/toolchain/arm/arm-gnu-toolchain/bin/../lib/gcc/arm-none-eabi/6.3.1/../../../../arm-none-eabi/lib/thumb/v7-m\libc.a(lib_a-setbuf.o) (setvbuf)
c:/program files (x86)/atmel/studio/7.0/toolchain/arm/arm-gnu-toolchain/bin/../lib/gcc/arm-none-eabi/6.3.1/../../../../arm-none-eabi/lib/thumb/v7-m\libc.a(lib_a-vfiprintf.o)
                              c:/program files (x86)/atmel/studio/7.0/toolchain/arm/arm-gnu-toolchain/bin/../lib/gcc/arm-none-eabi/6.3.1/../../../../arm-none-eabi/lib/thumb/v7-m\libc.a(lib_a-iprintf.o) (_vfiprintf_r)
c:/program files (x86)/atmel/studio/7.0/toolchain/arm/arm-gnu-toolchain/bin/../lib/gcc/arm-none-eabi/6.3.1/../../../../arm-none-eabi/lib/thumb/v7-m\libc.a(lib_a-wsetup.o)
                              c:/program files (x86)/atmel/studio/7.0/toolchain/arm/arm-gnu-toolchain/bin/../lib/gcc/arm-none-eabi/6.3.1/../../../../arm-none-eabi/lib/thumb/v7-m\libc.a(lib_a-vfiprintf.o) (__swsetup_r)
c:/program files (x86)/atmel/studio/7.0/toolchain/arm/arm-gnu-toolchain/bin/../lib/gcc/arm-none-eabi/6.3.1/../../../../arm-none-eabi/lib/thumb/v7-m\libc.a(lib_a-__call_atexit.o)
                              c:/program files (x86)/atmel/studio/7.0/toolchain/arm/arm-gnu-toolchain/bin/../lib/gcc/arm-none-eabi/6.3.1/../../../../arm-none-eabi/lib/thumb/v7-m\libc.a(lib_a-exit.o) (__call_exitprocs)
c:/program files (x86)/atmel/studio/7.0/toolchain/arm/arm-gnu-toolchain/bin/../lib/gcc/arm-none-eabi/6.3.1/../../../../arm-none-eabi/lib/thumb/v7-m\libc.a(lib_a-atexit.o)
                              c:/program files (x86)/atmel/studio/7.0/toolchain/arm/arm-gnu-toolchain/bin/../lib/gcc/arm-none-eabi/6.3.1/../../../../arm-none-eabi/lib/thumb/v7-m\libc.a(lib_a-__call_atexit.o) (atexit)
c:/program files (x86)/atmel/studio/7.0/toolchain/arm/arm-gnu-toolchain/bin/../lib/gcc/arm-none-eabi/6.3.1/../../../../arm-none-eabi/lib/thumb/v7-m\libc.a(lib_a-fflush.o)
[...]
Memory Configuration

Name             Origin             Length             Attributes
rom              0x00080000         0x00080000         xr
sram0            0x20000000         0x00010000         xrw
sram1            0x20080000         0x00008000         xrw
ram              0x20070000         0x00018000         xrw
*default*        0x00000000         0xffffffff

Linker script and memory map

LOAD c:/program files (x86)/atmel/studio/7.0/toolchain/arm/arm-gnu-toolchain/bin/../lib/gcc/arm-none-eabi/6.3.1/thumb/v7-m/crti.o
LOAD c:/program files (x86)/atmel/studio/7.0/toolchain/arm/arm-gnu-toolchain/bin/../lib/gcc/arm-none-eabi/6.3.1/thumb/v7-m/crtbegin.o
LOAD c:/program files (x86)/atmel/studio/7.0/toolchain/arm/arm-gnu-toolchain/bin/../lib/gcc/arm-none-eabi/6.3.1/../../../../arm-none-eabi/lib/thumb/v7-m/crt0.o
LOAD src/ASF/common/utils/stdio/read.o
LOAD src/ASF/sam/drivers/usart/usart.o
LOAD src/ASF/common/utils/stdio/write.o
LOAD src/ASF/common/services/serial/usart_serial.o
LOAD src/ASF/common/services/delay/sam/cycle_counter.o
LOAD src/ASF/sam/drivers/uart/uart.o
LOAD src/esc.o
LOAD src/ASF/common/services/clock/sam3x/sysclk.o
LOAD src/ASF/common/utils/interrupt/interrupt_sam_nvic.o
LOAD src/ASF/sam/boards/arduino_due_x/init.o
LOAD src/ASF/sam/drivers/pio/pio.o
LOAD src/ASF/sam/drivers/pio/pio_handler.o
LOAD src/ASF/sam/drivers/pmc/pmc.o
LOAD src/ASF/sam/drivers/pmc/sleep.o
LOAD src/ASF/sam/utils/cmsis/sam3x/source/templates/exceptions.o
LOAD src/ASF/sam/utils/cmsis/sam3x/source/templates/gcc/startup_sam3x.o
LOAD src/ASF/sam/utils/cmsis/sam3x/source/templates/system_sam3x.o
LOAD src/ASF/sam/utils/syscalls/gcc/syscalls.o
LOAD src/main.o
START GROUP
LOAD ../src/ASF/thirdparty/CMSIS/Lib/GCC\libarm_cortexM3l_math.a
LOAD c:/program files (x86)/atmel/studio/7.0/toolchain/arm/arm-gnu-toolchain/bin/../lib/gcc/arm-none-eabi/6.3.1/../../../../arm-none-eabi/lib/thumb/v7-m\libm.a
END GROUP
START GROUP
LOAD c:/program files (x86)/atmel/studio/7.0/toolchain/arm/arm-gnu-toolchain/bin/../lib/gcc/arm-none-eabi/6.3.1/thumb/v7-m\libgcc.a
LOAD c:/program files (x86)/atmel/studio/7.0/toolchain/arm/arm-gnu-toolchain/bin/../lib/gcc/arm-none-eabi/6.3.1/../../../../arm-none-eabi/lib/thumb/v7-m\libc.a
END GROUP
LOAD c:/program files (x86)/atmel/studio/7.0/toolchain/arm/arm-gnu-toolchain/bin/../lib/gcc/arm-none-eabi/6.3.1/thumb/v7-m/crtend.o
LOAD c:/program files (x86)/atmel/studio/7.0/toolchain/arm/arm-gnu-toolchain/bin/../lib/gcc/arm-none-eabi/6.3.1/thumb/v7-m/crtn.o
                0x00002000                __stack_size__ = DEFINED (__stack_size__)?__stack_size__:0x2000
                0x20087ffc                __ram_end__ = ((ORIGIN (ram) + LENGTH (ram)) - 0x4)

.text           0x00080000     0x44d4
                0x00080000                . = ALIGN (0x4)
                0x00080000                _sfixed = .
 *(.vectors .vectors.*)
 .vectors       0x00080000       0xf4 src/ASF/sam/utils/cmsis/sam3x/source/templates/gcc/startup_sam3x.o
                0x00080000                exception_table
 *(.text .text.* .gnu.linkonce.t.*)
 .text          0x000800f4       0x6c c:/program files (x86)/atmel/studio/7.0/toolchain/arm/arm-gnu-toolchain/bin/../lib/gcc/arm-none-eabi/6.3.1/thumb/v7-m/crtbegin.o
 .text._read    0x00080160       0x3c src/ASF/common/utils/stdio/read.o
                0x00080160                _read
 .text.usart_write
                0x0008019c       0x14 src/ASF/sam/drivers/usart/usart.o
                0x0008019c                usart_write
 .text.usart_read
                0x000801b0       0x18 src/ASF/sam/drivers/usart/usart.o
                0x000801b0                usart_read
 .text._write   0x000801c8       0x50 src/ASF/common/utils/stdio/write.o
                0x000801c8                _write
 .text.uart_init
                0x00080218       0x36 src/ASF/sam/drivers/uart/uart.o
                0x00080218                uart_init
 .text.uart_write
                0x0008024e       0x10 src/ASF/sam/drivers/uart/uart.o
                0x0008024e                uart_write
 .text.uart_read
                0x0008025e       0x12 src/ASF/sam/drivers/uart/uart.o
                0x0008025e                uart_read
 .text.writeSpeed
                0x00080270       0x7c src/esc.o
                0x00080270                writeSpeed
 .text.minThrottle
                0x000802ec       0x1c src/esc.o
                0x000802ec                minThrottle
 .text.setupESC
                0x00080308       0xc8 src/esc.o
                0x00080308                setupESC
 .text.sysclk_init
                0x000803d0       0x64 src/ASF/common/services/clock/sam3x/sysclk.o
                0x000803d0                sysclk_init
 .text.board_init
                0x00080434       0x90 src/ASF/sam/boards/arduino_due_x/init.o
                0x00080434                board_init
 .text.pio_set_peripheral
                0x000804c4       0x3e src/ASF/sam/drivers/pio/pio.o
                0x000804c4                pio_set_peripheral
 .text.pio_set_input
                0x00080502       0x32 src/ASF/sam/drivers/pio/pio.o
                0x00080502                pio_set_input
 .text.pio_set_output
                0x00080534       0x26 src/ASF/sam/drivers/pio/pio.o
                0x00080534                pio_set_output
 .text.pio_get_interrupt_status
                0x0008055a        0x4 src/ASF/sam/drivers/pio/pio.o
                0x0008055a                pio_get_interrupt_status
 .text.pio_get_interrupt_mask
                0x0008055e        0x4 src/ASF/sam/drivers/pio/pio.o
                0x0008055e                pio_get_interrupt_mask
 *fill*         0x00080562        0x2 
 .text.pio_configure_pin
                0x00080564       0xd0 src/ASF/sam/drivers/pio/pio.o
                0x00080564                pio_configure_pin
 .text.pio_configure_pin_group
                0x00080634       0x9c src/ASF/sam/drivers/pio/pio.o
                0x00080634                pio_configure_pin_group
 .text.pio_handler_process
                0x000806d0       0x50 src/ASF/sam/drivers/pio/pio_handler.o
                0x000806d0                pio_handler_process
 .text.PIOA_Handler
                0x00080720       0x14 src/ASF/sam/drivers/pio/pio_handler.o
                0x00080720                PIOA_Handler
 .text.PIOB_Handler
                0x00080734       0x14 src/ASF/sam/drivers/pio/pio_handler.o
                0x00080734                PIOB_Handler
 .text.PIOC_Handler
                0x00080748       0x14 src/ASF/sam/drivers/pio/pio_handler.o
                0x00080748                PIOC_Handler
 .text.PIOD_Handler
                0x0008075c       0x14 src/ASF/sam/drivers/pio/pio_handler.o
                0x0008075c                PIOD_Handler
 .text.pmc_switch_mck_to_pllack
                0x00080770       0x64 src/ASF/sam/drivers/pmc/pmc.o
                0x00080770                pmc_switch_mck_to_pllack
 .text.pmc_switch_mainck_to_xtal
                0x000807d4       0x54 src/ASF/sam/drivers/pmc/pmc.o
                0x000807d4                pmc_switch_mainck_to_xtal
 .text.pmc_osc_is_ready_mainck
                0x00080828       0x10 src/ASF/sam/drivers/pmc/pmc.o
                0x00080828                pmc_osc_is_ready_mainck
 .text.pmc_disable_pllack
                0x00080838       0x10 src/ASF/sam/drivers/pmc/pmc.o
                0x00080838                pmc_disable_pllack
 .text.pmc_is_locked_pllack
                0x00080848       0x10 src/ASF/sam/drivers/pmc/pmc.o
                0x00080848                pmc_is_locked_pllack
 .text.pmc_enable_periph_clk
                0x00080858       0x20 src/ASF/sam/drivers/pmc/pmc.o
                0x00080858                pmc_enable_periph_clk
 .text.Dummy_Handler
                0x00080878        0x2 src/ASF/sam/utils/cmsis/sam3x/source/templates/exceptions.o
                0x00080878                DACC_Handler
                0x00080878                DebugMon_Handler
                0x00080878                DMAC_Handler
                0x00080878                TRNG_Handler
                0x00080878                HardFault_Handler
                0x00080878                TC2_Handler
                0x00080878                SysTick_Handler
                0x00080878                USART3_Handler
                0x00080878                TWI1_Handler
                0x00080878                PendSV_Handler
                0x00080878                NMI_Handler
                0x00080878                TC7_Handler
                0x00080878                ADC_Handler
                0x00080878                SMC_Handler
                0x00080878                USART0_Handler
                0x00080878                RTT_Handler
                0x00080878                EFC1_Handler
                0x00080878                RTC_Handler
                0x00080878                UsageFault_Handler
                0x00080878                TC6_Handler
                0x00080878                WDT_Handler
                0x00080878                CAN0_Handler
                0x00080878                TC4_Handler
                0x00080878                TC1_Handler
                0x00080878                HSMCI_Handler
                0x00080878                TC3_Handler
                0x00080878                Dummy_Handler
                0x00080878                TWI0_Handler
                0x00080878                USART1_Handler
                0x00080878                SSC_Handler
                0x00080878                EFC0_Handler
                0x00080878                PMC_Handler
                0x00080878                PWM_Handler
                0x00080878                CAN1_Handler
                0x00080878                MemManage_Handler
                0x00080878                SUPC_Handler
                0x00080878                SVC_Handler
                0x00080878                TC8_Handler
                0x00080878                USART2_Handler
                0x00080878                EMAC_Handler
                0x00080878                UART_Handler
                0x00080878                BusFault_Handler
                0x00080878                RSTC_Handler
                0x00080878                TC0_Handler
                0x00080878                TC5_Handler
                0x00080878                UOTGHS_Handler
                0x00080878                SPI0_Handler
 *fill*         0x0008087a        0x2 
 .text.Reset_Handler
                0x0008087c       0x98 src/ASF/sam/utils/cmsis/sam3x/source/templates/gcc/startup_sam3x.o
                0x0008087c                Reset_Handler
 .text.SystemCoreClockUpdate
                0x00080914      0x118 src/ASF/sam/utils/cmsis/sam3x/source/templates/system_sam3x.o
                0x00080914                SystemCoreClockUpdate
 .text._sbrk    0x00080a2c       0x38 src/ASF/sam/utils/syscalls/gcc/syscalls.o
                0x00080a2c                _sbrk
 .text._close   0x00080a64        0x6 src/ASF/sam/utils/syscalls/gcc/syscalls.o
                0x00080a64                _close
 .text._fstat   0x00080a6a        0xa src/ASF/sam/utils/syscalls/gcc/syscalls.o
                0x00080a6a                _fstat
 .text._isatty  0x00080a74        0x4 src/ASF/sam/utils/syscalls/gcc/syscalls.o
                0x00080a74                _isatty
 .text._lseek   0x00080a78        0x4 src/ASF/sam/utils/syscalls/gcc/syscalls.o
                0x00080a78                _lseek
 .text.usart_serial_getchar
                0x00080a7c       0xac src/main.o
 .text.usart_serial_putchar
                0x00080b28       0x9c src/main.o
 .text.setup    0x00080bc4       0xb0 src/main.o
                0x00080bc4                setup
 .text.forceMeasurement
                0x00080c74       0xd8 src/main.o
                0x00080c74                forceMeasurement
 .text.main     0x00080d4c       0x20 src/main.o
                0x00080d4c                main
 .text          0x00080d6c      0x21c c:/program files (x86)/atmel/studio/7.0/toolchain/arm/arm-gnu-toolchain/bin/../lib/gcc/arm-none-eabi/6.3.1/thumb/v7-m\libgcc.a(_arm_addsubsf3.o)
                0x00080d6c                __aeabi_frsub
                0x00080d74                __subsf3
                0x00080d74                __aeabi_fsub
                0x00080d78                __aeabi_fadd
                0x00080d78                __addsf3
                0x00080ed8                __aeabi_ui2f
                0x00080ed8                __floatunsisf
                0x00080ee0                __aeabi_i2f
                0x00080ee0                __floatsisf
                0x00080efc                __aeabi_ul2f
                0x00080efc                __floatundisf
                0x00080f0c                __aeabi_l2f
                0x00080f0c                __floatdisf
 .text          0x00080f88      0x2a0 c:/program files (x86)/atmel/studio/7.0/toolchain/arm/arm-gnu-toolchain/bin/../lib/gcc/arm-none-eabi/6.3.1/thumb/v7-m\libgcc.a(_arm_muldivsf3.o)
                0x00080f88                __mulsf3
                0x00080f88                __aeabi_fmul
                0x000810f0                __aeabi_fdiv
                0x000810f0                __divsf3
 .text          0x00081228       0x40 c:/program files (x86)/atmel/studio/7.0/toolchain/arm/arm-gnu-toolchain/bin/../lib/gcc/arm-none-eabi/6.3.1/thumb/v7-m\libgcc.a(_arm_fixunssfsi.o)
                0x00081228                __fixunssfsi
                0x00081228                __aeabi_f2uiz
 .text.__libc_init_array
                0x00081268       0x50 c:/program files (x86)/atmel/studio/7.0/toolchain/arm/arm-gnu-toolchain/bin/../lib/gcc/arm-none-eabi/6.3.1/../../../../arm-none-eabi/lib/thumb/v7-m\libc.a(lib_a-init.o)
                0x00081268                __libc_init_array
 .text.iprintf  0x000812b8       0x28 c:/program files (x86)/atmel/studio/7.0/toolchain/arm/arm-gnu-toolchain/bin/../lib/gcc/arm-none-eabi/6.3.1/../../../../arm-none-eabi/lib/thumb/v7-m\libc.a(lib_a-iprintf.o)
                0x000812b8                iprintf
 .text.memset   0x000812e0       0x9c c:/program files (x86)/atmel/studio/7.0/toolchain/arm/arm-gnu-toolchain/bin/../lib/gcc/arm-none-eabi/6.3.1/../../../../arm-none-eabi/lib/thumb/v7-m\libc.a(lib_a-memset.o)
                0x000812e0                memset
 .text.__srget_r
                0x0008137c       0x34 c:/program files (x86)/atmel/studio/7.0/toolchain/arm/arm-gnu-toolchain/bin/../lib/gcc/arm-none-eabi/6.3.1/../../../../arm-none-eabi/lib/thumb/v7-m\libc.a(lib_a-rget.o)
                0x0008137c                __srget_r
 .text.setbuf   0x000813b0       0x10 c:/program files (x86)/atmel/studio/7.0/toolchain/arm/arm-gnu-toolchain/bin/../lib/gcc/arm-none-eabi/6.3.1/../../../../arm-none-eabi/lib/thumb/v7-m\libc.a(lib_a-setbuf.o)
                0x000813b0                setbuf
 .text.setvbuf  0x000813c0      0x190 c:/program files (x86)/atmel/studio/7.0/toolchain/arm/arm-gnu-toolchain/bin/../lib/gcc/arm-none-eabi/6.3.1/../../../../arm-none-eabi/lib/thumb/v7-m\libc.a(lib_a-setvbuf.o)
                0x000813c0                setvbuf
 .text.__sprint_r.part.0
                0x00081550       0x80 c:/program files (x86)/atmel/studio/7.0/toolchain/arm/arm-gnu-toolchain/bin/../lib/gcc/arm-none-eabi/6.3.1/../../../../arm-none-eabi/lib/thumb/v7-m\libc.a(lib_a-vfiprintf.o)
 .text._vfiprintf_r
                0x000815d0      0xc88 c:/program files (x86)/atmel/studio/7.0/toolchain/arm/arm-gnu-toolchain/bin/../lib/gcc/arm-none-eabi/6.3.1/../../../../arm-none-eabi/lib/thumb/v7-m\libc.a(lib_a-vfiprintf.o)
                0x000815d0                _vfiprintf_r
 .text.__sbprintf
                0x00082258       0x88 c:/program files (x86)/atmel/studio/7.0/toolchain/arm/arm-gnu-toolchain/bin/../lib/gcc/arm-none-eabi/6.3.1/../../../../arm-none-eabi/lib/thumb/v7-m\libc.a(lib_a-vfiprintf.o)
 .text.__swsetup_r
                0x000822e0       0xc8 c:/program files (x86)/atmel/studio/7.0/toolchain/arm/arm-gnu-toolchain/bin/../lib/gcc/arm-none-eabi/6.3.1/../../../../arm-none-eabi/lib/thumb/v7-m\libc.a(lib_a-wsetup.o)
                0x000822e0                __swsetup_r
 .text.startup.register_fini
                0x000823a8       0x14 c:/program files (x86)/atmel/studio/7.0/toolchain/arm/arm-gnu-toolchain/bin/../lib/gcc/arm-none-eabi/6.3.1/../../../../arm-none-eabi/lib/thumb/v7-m\libc.a(lib_a-__call_atexit.o)
 .text.atexit   0x000823bc        0xc c:/program files (x86)/atmel/studio/7.0/toolchain/arm/arm-gnu-toolchain/bin/../lib/gcc/arm-none-eabi/6.3.1/../../../../arm-none-eabi/lib/thumb/v7-m\libc.a(lib_a-atexit.o)
                0x000823bc                atexit
 .text.__sflush_r
                0x000823c8      0x138 c:/program files (x86)/atmel/studio/7.0/toolchain/arm/arm-gnu-toolchain/bin/../lib/gcc/arm-none-eabi/6.3.1/../../../../arm-none-eabi/lib/thumb/v7-m\libc.a(lib_a-fflush.o)
                0x000823c8                __sflush_r
 .text._fflush_r
                0x00082500       0x54 c:/program files (x86)/atmel/studio/7.0/toolchain/arm/arm-gnu-toolchain/bin/../lib/gcc/arm-none-eabi/6.3.1/../../../../arm-none-eabi/lib/thumb/v7-m\libc.a(lib_a-fflush.o)
                0x00082500                _fflush_r
 .text.fflush   0x00082554       0x24 c:/program files (x86)/atmel/studio/7.0/toolchain/arm/arm-gnu-toolchain/bin/../lib/gcc/arm-none-eabi/6.3.1/../../../../arm-none-eabi/lib/thumb/v7-m\libc.a(lib_a-fflush.o)
                0x00082554                fflush
 .text._cleanup_r
                0x00082578        0xc c:/program files (x86)/atmel/studio/7.0/toolchain/arm/arm-gnu-toolchain/bin/../lib/gcc/arm-none-eabi/6.3.1/../../../../arm-none-eabi/lib/thumb/v7-m\libc.a(lib_a-findfp.o)
                0x00082578                _cleanup_r
 .text.std.isra.0
                0x00082584       0x50 c:/program files (x86)/atmel/studio/7.0/toolchain/arm/arm-gnu-toolchain/bin/../lib/gcc/arm-none-eabi/6.3.1/../../../../arm-none-eabi/lib/thumb/v7-m\libc.a(lib_a-findfp.o)
 .text.__sinit  0x000825d4       0x60 c:/program files (x86)/atmel/studio/7.0/toolchain/arm/arm-gnu-toolchain/bin/../lib/gcc/arm-none-eabi/6.3.1/../../../../arm-none-eabi/lib/thumb/v7-m\libc.a(lib_a-findfp.o)
                0x000825d4                __sinit
 .text.__sfp_lock_acquire
                0x00082634        0xc c:/program files (x86)/atmel/studio/7.0/toolchain/arm/arm-gnu-toolchain/bin/../lib/gcc/arm-none-eabi/6.3.1/../../../../arm-none-eabi/lib/thumb/v7-m\libc.a(lib_a-findfp.o)
                0x00082634                __sfp_lock_acquire
 .text.__sfp_lock_release
                0x00082640        0xc c:/program files (x86)/atmel/studio/7.0/toolchain/arm/arm-gnu-toolchain/bin/../lib/gcc/arm-none-eabi/6.3.1/../../../../arm-none-eabi/lib/thumb/v7-m\libc.a(lib_a-findfp.o)
                0x00082640                __sfp_lock_release
 .text.__libc_fini_array
                0x0008264c       0x34 c:/program files (x86)/atmel/studio/7.0/toolchain/arm/arm-gnu-toolchain/bin/../lib/gcc/arm-none-eabi/6.3.1/../../../../arm-none-eabi/lib/thumb/v7-m\libc.a(lib_a-fini.o)
                0x0008264c                __libc_fini_array
 .text.__fputwc
                0x00082680       0x98 c:/program files (x86)/atmel/studio/7.0/toolchain/arm/arm-gnu-toolchain/bin/../lib/gcc/arm-none-eabi/6.3.1/../../../../arm-none-eabi/lib/thumb/v7-m\libc.a(lib_a-fputwc.o)
                0x00082680                __fputwc
 .text._fputwc_r
                0x00082718       0x68 c:/program files (x86)/atmel/studio/7.0/toolchain/arm/arm-gnu-toolchain/bin/../lib/gcc/arm-none-eabi/6.3.1/../../../../arm-none-eabi/lib/thumb/v7-m\libc.a(lib_a-fputwc.o)
                0x00082718                _fputwc_r
 .text._malloc_trim_r
                0x00082780       0xa0 c:/program files (x86)/atmel/studio/7.0/toolchain/arm/arm-gnu-toolchain/bin/../lib/gcc/arm-none-eabi/6.3.1/../../../../arm-none-eabi/lib/thumb/v7-m\libc.a(lib_a-freer.o)
                0x00082780                _malloc_trim_r
 .text._free_r  0x00082820      0x1cc c:/program files (x86)/atmel/studio/7.0/toolchain/arm/arm-gnu-toolchain/bin/../lib/gcc/arm-none-eabi/6.3.1/../../../../arm-none-eabi/lib/thumb/v7-m\libc.a(lib_a-freer.o)
                0x00082820                _free_r
 .text.__sfvwrite_r
                0x000829ec      0x2f4 c:/program files (x86)/atmel/studio/7.0/toolchain/arm/arm-gnu-toolchain/bin/../lib/gcc/arm-none-eabi/6.3.1/../../../../arm-none-eabi/lib/thumb/v7-m\libc.a(lib_a-fvwrite.o)
                0x000829ec                __sfvwrite_r
 .text._fwalk   0x00082ce0       0x48 c:/program files (x86)/atmel/studio/7.0/toolchain/arm/arm-gnu-toolchain/bin/../lib/gcc/arm-none-eabi/6.3.1/../../../../arm-none-eabi/lib/thumb/v7-m\libc.a(lib_a-fwalk.o)
                0x00082ce0                _fwalk
 .text._fwalk_reent
                0x00082d28       0x50 c:/program files (x86)/atmel/studio/7.0/toolchain/arm/arm-gnu-toolchain/bin/../lib/gcc/arm-none-eabi/6.3.1/../../../../arm-none-eabi/lib/thumb/v7-m\libc.a(lib_a-fwalk.o)
                0x00082d28                _fwalk_reent
 .text.__locale_mb_cur_max
                0x00082d78       0x1c c:/program files (x86)/atmel/studio/7.0/toolchain/arm/arm-gnu-toolchain/bin/../lib/gcc/arm-none-eabi/6.3.1/../../../../arm-none-eabi/lib/thumb/v7-m\libc.a(lib_a-locale.o)
                0x00082d78                __locale_mb_cur_max
 .text.__retarget_lock_init_recursive
                0x00082d94        0x4 c:/program files (x86)/atmel/studio/7.0/toolchain/arm/arm-gnu-toolchain/bin/../lib/gcc/arm-none-eabi/6.3.1/../../../../arm-none-eabi/lib/thumb/v7-m\libc.a(lib_a-lock.o)
                0x00082d94                __retarget_lock_init_recursive
 .text.__retarget_lock_close_recursive
                0x00082d98        0x4 c:/program files (x86)/atmel/studio/7.0/toolchain/arm/arm-gnu-toolchain/bin/../lib/gcc/arm-none-eabi/6.3.1/../../../../arm-none-eabi/lib/thumb/v7-m\libc.a(lib_a-lock.o)
                0x00082d98                __retarget_lock_close_recursive
 .text.__retarget_lock_acquire_recursive
                0x00082d9c        0x4 c:/program files (x86)/atmel/studio/7.0/toolchain/arm/arm-gnu-toolchain/bin/../lib/gcc/arm-none-eabi/6.3.1/../../../../arm-none-eabi/lib/thumb/v7-m\libc.a(lib_a-lock.o)
                0x00082d9c                __retarget_lock_acquire_recursive
 .text.__retarget_lock_release_recursive
                0x00082da0        0x4 c:/program files (x86)/atmel/studio/7.0/toolchain/arm/arm-gnu-toolchain/bin/../lib/gcc/arm-none-eabi/6.3.1/../../../../arm-none-eabi/lib/thumb/v7-m\libc.a(lib_a-lock.o)
                0x00082da0                __retarget_lock_release_recursive
 .text.__swhatbuf_r
                0x00082da4       0x5c c:/program files (x86)/atmel/studio/7.0/toolchain/arm/arm-gnu-toolchain/bin/../lib/gcc/arm-none-eabi/6.3.1/../../../../arm-none-eabi/lib/thumb/v7-m\libc.a(lib_a-makebuf.o)
                0x00082da4                __swhatbuf_r
 .text.__smakebuf_r
                0x00082e00       0x94 c:/program files (x86)/atmel/studio/7.0/toolchain/arm/arm-gnu-toolchain/bin/../lib/gcc/arm-none-eabi/6.3.1/../../../../arm-none-eabi/lib/thumb/v7-m\libc.a(lib_a-makebuf.o)
                0x00082e00                __smakebuf_r
 .text.malloc   0x00082e94       0x10 c:/program files (x86)/atmel/studio/7.0/toolchain/arm/arm-gnu-toolchain/bin/../lib/gcc/arm-none-eabi/6.3.1/../../../../arm-none-eabi/lib/thumb/v7-m\libc.a(lib_a-malloc.o)
                0x00082e94                malloc
 .text._malloc_r
                0x00082ea4      0x544 c:/program files (x86)/atmel/studio/7.0/toolchain/arm/arm-gnu-toolchain/bin/../lib/gcc/arm-none-eabi/6.3.1/../../../../arm-none-eabi/lib/thumb/v7-m\libc.a(lib_a-mallocr.o)
                0x00082ea4                _malloc_r
 .text.__ascii_mbtowc
                0x000833e8       0x2c c:/program files (x86)/atmel/studio/7.0/toolchain/arm/arm-gnu-toolchain/bin/../lib/gcc/arm-none-eabi/6.3.1/../../../../arm-none-eabi/lib/thumb/v7-m\libc.a(lib_a-mbtowc_r.o)
                0x000833e8                __ascii_mbtowc
 .text.memchr   0x00083414       0x8c c:/program files (x86)/atmel/studio/7.0/toolchain/arm/arm-gnu-toolchain/bin/../lib/gcc/arm-none-eabi/6.3.1/../../../../arm-none-eabi/lib/thumb/v7-m\libc.a(lib_a-memchr-stub.o)
                0x00083414                memchr
 .text          0x000834a0       0xec c:/program files (x86)/atmel/studio/7.0/toolchain/arm/arm-gnu-toolchain/bin/../lib/gcc/arm-none-eabi/6.3.1/../../../../arm-none-eabi/lib/thumb/v7-m\libc.a(lib_a-memcpy.o)
                0x000834a0                memcpy
 .text.memmove  0x0008358c       0xc8 c:/program files (x86)/atmel/studio/7.0/toolchain/arm/arm-gnu-toolchain/bin/../lib/gcc/arm-none-eabi/6.3.1/../../../../arm-none-eabi/lib/thumb/v7-m\libc.a(lib_a-memmove.o)
                0x0008358c                memmove
 .text.__malloc_lock
                0x00083654        0xc c:/program files (x86)/atmel/studio/7.0/toolchain/arm/arm-gnu-toolchain/bin/../lib/gcc/arm-none-eabi/6.3.1/../../../../arm-none-eabi/lib/thumb/v7-m\libc.a(lib_a-mlock.o)
                0x00083654                __malloc_lock
 .text.__malloc_unlock
                0x00083660        0xc c:/program files (x86)/atmel/studio/7.0/toolchain/arm/arm-gnu-toolchain/bin/../lib/gcc/arm-none-eabi/6.3.1/../../../../arm-none-eabi/lib/thumb/v7-m\libc.a(lib_a-mlock.o)
                0x00083660                __malloc_unlock
 .text._realloc_r
                0x0008366c      0x36c c:/program files (x86)/atmel/studio/7.0/toolchain/arm/arm-gnu-toolchain/bin/../lib/gcc/arm-none-eabi/6.3.1/../../../../arm-none-eabi/lib/thumb/v7-m\libc.a(lib_a-reallocr.o)
                0x0008366c                _realloc_r
 .text.lflush   0x000839d8       0x14 c:/program files (x86)/atmel/studio/7.0/toolchain/arm/arm-gnu-toolchain/bin/../lib/gcc/arm-none-eabi/6.3.1/../../../../arm-none-eabi/lib/thumb/v7-m\libc.a(lib_a-refill.o)
 .text.__srefill_r
                0x000839ec      0x118 c:/program files (x86)/atmel/studio/7.0/toolchain/arm/arm-gnu-toolchain/bin/../lib/gcc/arm-none-eabi/6.3.1/../../../../arm-none-eabi/lib/thumb/v7-m\libc.a(lib_a-refill.o)
                0x000839ec                __srefill_r
 .text._sbrk_r  0x00083b04       0x24 c:/program files (x86)/atmel/studio/7.0/toolchain/arm/arm-gnu-toolchain/bin/../lib/gcc/arm-none-eabi/6.3.1/../../../../arm-none-eabi/lib/thumb/v7-m\libc.a(lib_a-sbrkr.o)
                0x00083b04                _sbrk_r
 .text.__sread  0x00083b28       0x24 c:/program files (x86)/atmel/studio/7.0/toolchain/arm/arm-gnu-toolchain/bin/../lib/gcc/arm-none-eabi/6.3.1/../../../../arm-none-eabi/lib/thumb/v7-m\libc.a(lib_a-stdio.o)
                0x00083b28                __sread
 .text.__swrite
                0x00083b4c       0x3c c:/program files (x86)/atmel/studio/7.0/toolchain/arm/arm-gnu-toolchain/bin/../lib/gcc/arm-none-eabi/6.3.1/../../../../arm-none-eabi/lib/thumb/v7-m\libc.a(lib_a-stdio.o)
                0x00083b4c                __swrite
 .text.__sseek  0x00083b88       0x20 c:/program files (x86)/atmel/studio/7.0/toolchain/arm/arm-gnu-toolchain/bin/../lib/gcc/arm-none-eabi/6.3.1/../../../../arm-none-eabi/lib/thumb/v7-m\libc.a(lib_a-stdio.o)
                0x00083b88                __sseek
 .text.__sclose
                0x00083ba8        0x8 c:/program files (x86)/atmel/studio/7.0/toolchain/arm/arm-gnu-toolchain/bin/../lib/gcc/arm-none-eabi/6.3.1/../../../../arm-none-eabi/lib/thumb/v7-m\libc.a(lib_a-stdio.o)
                0x00083ba8                __sclose
 .text.strlen   0x00083bb0       0x5c c:/program files (x86)/atmel/studio/7.0/toolchain/arm/arm-gnu-toolchain/bin/../lib/gcc/arm-none-eabi/6.3.1/../../../../arm-none-eabi/lib/thumb/v7-m\libc.a(lib_a-strlen-stub.o)
                0x00083bb0                strlen
 .text.__swbuf_r
                0x00083c0c       0xb0 c:/program files (x86)/atmel/studio/7.0/toolchain/arm/arm-gnu-toolchain/bin/../lib/gcc/arm-none-eabi/6.3.1/../../../../arm-none-eabi/lib/thumb/v7-m\libc.a(lib_a-wbuf.o)
                0x00083c0c                __swbuf_r
 .text._wcrtomb_r
                0x00083cbc       0x54 c:/program files (x86)/atmel/studio/7.0/toolchain/arm/arm-gnu-toolchain/bin/../lib/gcc/arm-none-eabi/6.3.1/../../../../arm-none-eabi/lib/thumb/v7-m\libc.a(lib_a-wcrtomb.o)
                0x00083cbc                _wcrtomb_r
 .text.__ascii_wctomb
                0x00083d10       0x18 c:/program files (x86)/atmel/studio/7.0/toolchain/arm/arm-gnu-toolchain/bin/../lib/gcc/arm-none-eabi/6.3.1/../../../../arm-none-eabi/lib/thumb/v7-m\libc.a(lib_a-wctomb_r.o)
                0x00083d10                __ascii_wctomb
 .text._write_r
                0x00083d28       0x2c c:/program files (x86)/atmel/studio/7.0/toolchain/arm/arm-gnu-toolchain/bin/../lib/gcc/arm-none-eabi/6.3.1/../../../../arm-none-eabi/lib/thumb/v7-m\libc.a(lib_a-writer.o)
                0x00083d28                _write_r
 .text.__register_exitproc
                0x00083d54       0xc4 c:/program files (x86)/atmel/studio/7.0/toolchain/arm/arm-gnu-toolchain/bin/../lib/gcc/arm-none-eabi/6.3.1/../../../../arm-none-eabi/lib/thumb/v7-m\libc.a(lib_a-__atexit.o)
                0x00083d54                __register_exitproc
 .text._close_r
                0x00083e18       0x24 c:/program files (x86)/atmel/studio/7.0/toolchain/arm/arm-gnu-toolchain/bin/../lib/gcc/arm-none-eabi/6.3.1/../../../../arm-none-eabi/lib/thumb/v7-m\libc.a(lib_a-closer.o)
                0x00083e18                _close_r
 .text._fclose_r
                0x00083e3c       0xc4 c:/program files (x86)/atmel/studio/7.0/toolchain/arm/arm-gnu-toolchain/bin/../lib/gcc/arm-none-eabi/6.3.1/../../../../arm-none-eabi/lib/thumb/v7-m\libc.a(lib_a-fclose.o)
                0x00083e3c                _fclose_r
 .text._fstat_r
                0x00083f00       0x28 c:/program files (x86)/atmel/studio/7.0/toolchain/arm/arm-gnu-toolchain/bin/../lib/gcc/arm-none-eabi/6.3.1/../../../../arm-none-eabi/lib/thumb/v7-m\libc.a(lib_a-fstatr.o)
                0x00083f00                _fstat_r
 .text._isatty_r
                0x00083f28       0x24 c:/program files (x86)/atmel/studio/7.0/toolchain/arm/arm-gnu-toolchain/bin/../lib/gcc/arm-none-eabi/6.3.1/../../../../arm-none-eabi/lib/thumb/v7-m\libc.a(lib_a-isattyr.o)
                0x00083f28                _isatty_r
 .text._lseek_r
                0x00083f4c       0x2c c:/program files (x86)/atmel/studio/7.0/toolchain/arm/arm-gnu-toolchain/bin/../lib/gcc/arm-none-eabi/6.3.1/../../../../arm-none-eabi/lib/thumb/v7-m\libc.a(lib_a-lseekr.o)
                0x00083f4c                _lseek_r
 .text._read_r  0x00083f78       0x2c c:/program files (x86)/atmel/studio/7.0/toolchain/arm/arm-gnu-toolchain/bin/../lib/gcc/arm-none-eabi/6.3.1/../../../../arm-none-eabi/lib/thumb/v7-m\libc.a(lib_a-readr.o)
                0x00083f78                _read_r
 .text          0x00083fa4       0x30 c:/program files (x86)/atmel/studio/7.0/toolchain/arm/arm-gnu-toolchain/bin/../lib/gcc/arm-none-eabi/6.3.1/thumb/v7-m\libgcc.a(_aeabi_uldivmod.o)
                0x00083fa4                __aeabi_uldivmod
 .text          0x00083fd4      0x2dc c:/program files (x86)/atmel/studio/7.0/toolchain/arm/arm-gnu-toolchain/bin/../lib/gcc/arm-none-eabi/6.3.1/thumb/v7-m\libgcc.a(_udivmoddi4.o)
                0x00083fd4                __udivmoddi4
 .text          0x000842b0        0x4 c:/program files (x86)/atmel/studio/7.0/toolchain/arm/arm-gnu-toolchain/bin/../lib/gcc/arm-none-eabi/6.3.1/thumb/v7-m\libgcc.a(_dvmd_tls.o)
                0x000842b0                __aeabi_idiv0
                0x000842b0                __aeabi_ldiv0
 *(.glue_7t)
 .glue_7t       0x000842b4        0x0 linker stubs
 *(.glue_7)
 .glue_7        0x000842b4        0x0 linker stubs
 *(.rodata .rodata* .gnu.linkonce.r.*)
 .rodata.setupESC.str1.4
                0x000842b4       0x10 src/esc.o
 .rodata.forceMeasurement.str1.4
                0x000842c4       0x68 src/main.o
 .rodata.main.str1.4
                0x0008432c        0xb src/main.o
 *fill*         0x00084337        0x1 
 .rodata.setup.str1.4
                0x00084338        0xf src/main.o
 *fill*         0x00084347        0x1 
 .rodata._global_impure_ptr
                0x00084348        0x4 c:/program files (x86)/atmel/studio/7.0/toolchain/arm/arm-gnu-toolchain/bin/../lib/gcc/arm-none-eabi/6.3.1/../../../../arm-none-eabi/lib/thumb/v7-m\libc.a(lib_a-impure.o)
                0x00084348                _global_impure_ptr
 .rodata._vfiprintf_r.str1.4
                0x0008434c       0x2f c:/program files (x86)/atmel/studio/7.0/toolchain/arm/arm-gnu-toolchain/bin/../lib/gcc/arm-none-eabi/6.3.1/../../../../arm-none-eabi/lib/thumb/v7-m\libc.a(lib_a-vfiprintf.o)
 *fill*         0x0008437b        0x1 
 .rodata.blanks.7217
                0x0008437c       0x10 c:/program files (x86)/atmel/studio/7.0/toolchain/arm/arm-gnu-toolchain/bin/../lib/gcc/arm-none-eabi/6.3.1/../../../../arm-none-eabi/lib/thumb/v7-m\libc.a(lib_a-vfiprintf.o)
 .rodata.zeroes.7218
                0x0008438c       0x10 c:/program files (x86)/atmel/studio/7.0/toolchain/arm/arm-gnu-toolchain/bin/../lib/gcc/arm-none-eabi/6.3.1/../../../../arm-none-eabi/lib/thumb/v7-m\libc.a(lib_a-vfiprintf.o)
 .rodata._setlocale_r.str1.4
                0x0008439c        0xa c:/program files (x86)/atmel/studio/7.0/toolchain/arm/arm-gnu-toolchain/bin/../lib/gcc/arm-none-eabi/6.3.1/../../../../arm-none-eabi/lib/thumb/v7-m\libc.a(lib_a-locale.o)
                                  0xd (size before relaxing)
 *fill*         0x000843a6        0x2 
 .rodata.str1.4
                0x000843a8        0x4 c:/program files (x86)/atmel/studio/7.0/toolchain/arm/arm-gnu-toolchain/bin/../lib/gcc/arm-none-eabi/6.3.1/../../../../arm-none-eabi/lib/thumb/v7-m\libc.a(lib_a-locale.o)
                                  0x2 (size before relaxing)
 .rodata._ctype_
                0x000843ac      0x101 c:/program files (x86)/atmel/studio/7.0/toolchain/arm/arm-gnu-toolchain/bin/../lib/gcc/arm-none-eabi/6.3.1/../../../../arm-none-eabi/lib/thumb/v7-m\libc.a(lib_a-ctype_.o)
                0x000843ac                _ctype_
 *(.ARM.extab* .gnu.linkonce.armextab.*)
                0x000844b0                . = ALIGN (0x4)
 *fill*         0x000844ad        0x3 
 *(.init)
 .init          0x000844b0        0x4 c:/program files (x86)/atmel/studio/7.0/toolchain/arm/arm-gnu-toolchain/bin/../lib/gcc/arm-none-eabi/6.3.1/thumb/v7-m/crti.o
                0x000844b0                _init
 .init          0x000844b4        0x8 c:/program files (x86)/atmel/studio/7.0/toolchain/arm/arm-gnu-toolchain/bin/../lib/gcc/arm-none-eabi/6.3.1/thumb/v7-m/crtn.o
                0x000844bc                . = ALIGN (0x4)
                0x000844bc                __preinit_array_start = .
 *(.preinit_array)
                0x000844bc                __preinit_array_end = .
                0x000844bc                . = ALIGN (0x4)
                0x000844bc                __init_array_start = .
 *(SORT(.init_array.*))
 .init_array.00000
                0x000844bc        0x4 c:/program files (x86)/atmel/studio/7.0/toolchain/arm/arm-gnu-toolchain/bin/../lib/gcc/arm-none-eabi/6.3.1/../../../../arm-none-eabi/lib/thumb/v7-m\libc.a(lib_a-__call_atexit.o)
 *(.init_array)
 .init_array    0x000844c0        0x4 c:/program files (x86)/atmel/studio/7.0/toolchain/arm/arm-gnu-toolchain/bin/../lib/gcc/arm-none-eabi/6.3.1/thumb/v7-m/crtbegin.o
                0x000844c4                __init_array_end = .
                0x000844c4                . = ALIGN (0x4)
 *crtbegin.o(.ctors)
 *(EXCLUDE_FILE(*crtend.o) .ctors)
 *(SORT(.ctors.*))
 *crtend.o(.ctors)
                0x000844c4                . = ALIGN (0x4)
 *(.fini)
 .fini          0x000844c4        0x4 c:/program files (x86)/atmel/studio/7.0/toolchain/arm/arm-gnu-toolchain/bin/../lib/gcc/arm-none-eabi/6.3.1/thumb/v7-m/crti.o
                0x000844c4                _fini
 .fini          0x000844c8        0x8 c:/program files (x86)/atmel/studio/7.0/toolchain/arm/arm-gnu-toolchain/bin/../lib/gcc/arm-none-eabi/6.3.1/thumb/v7-m/crtn.o
                0x000844d0                . = ALIGN (0x4)
                0x000844d0                __fini_array_start = .
 *(.fini_array)
 .fini_array    0x000844d0        0x4 c:/program files (x86)/atmel/studio/7.0/toolchain/arm/arm-gnu-toolchain/bin/../lib/gcc/arm-none-eabi/6.3.1/thumb/v7-m/crtbegin.o
 *(SORT(.fini_array.*))
                0x000844d4                __fini_array_end = .
 *crtbegin.o(.dtors)
 *(EXCLUDE_FILE(*crtend.o) .dtors)
 *(SORT(.dtors.*))
 *crtend.o(.dtors)
                0x000844d4                . = ALIGN (0x4)
                0x000844d4                _efixed = .
                [!provide]                PROVIDE (__exidx_start, .)

.vfp11_veneer   0x000844d4        0x0
 .vfp11_veneer  0x000844d4        0x0 linker stubs

.v4_bx          0x000844d4        0x0
 .v4_bx         0x000844d4        0x0 linker stubs

.iplt           0x000844d4        0x0
 .iplt          0x000844d4        0x0 c:/program files (x86)/atmel/studio/7.0/toolchain/arm/arm-gnu-toolchain/bin/../lib/gcc/arm-none-eabi/6.3.1/thumb/v7-m/crtbegin.o

.ARM.exidx      0x000844d4        0x8
 *(.ARM.exidx* .gnu.linkonce.armexidx.*)
 .ARM.exidx     0x000844d4        0x8 c:/program files (x86)/atmel/studio/7.0/toolchain/arm/arm-gnu-toolchain/bin/../lib/gcc/arm-none-eabi/6.3.1/thumb/v7-m\libgcc.a(_udivmoddi4.o)
                [!provide]                PROVIDE (__exidx_end, .)

.eh_frame       0x000844dc        0x0
 .eh_frame      0x000844dc        0x0 c:/program files (x86)/atmel/studio/7.0/toolchain/arm/arm-gnu-toolchain/bin/../lib/gcc/arm-none-eabi/6.3.1/thumb/v7-m/crtbegin.o

.rel.dyn        0x000844dc        0x0
 .rel.iplt      0x000844dc        0x0 c:/program files (x86)/atmel/studio/7.0/toolchain/arm/arm-gnu-toolchain/bin/../lib/gcc/arm-none-eabi/6.3.1/thumb/v7-m/crtbegin.o

.jcr            0x000844dc        0x0
 .jcr           0x000844dc        0x0 c:/program files (x86)/atmel/studio/7.0/toolchain/arm/arm-gnu-toolchain/bin/../lib/gcc/arm-none-eabi/6.3.1/thumb/v7-m/crtbegin.o

.igot.plt       0x000844dc        0x0
 .igot.plt      0x000844dc        0x0 c:/program files (x86)/atmel/studio/7.0/toolchain/arm/arm-gnu-toolchain/bin/../lib/gcc/arm-none-eabi/6.3.1/thumb/v7-m/crtbegin.o
                0x000844dc                . = ALIGN (0x4)
                0x000844dc                _etext = .

.relocate       0x20070000      0xae8 load address 0x000844dc
                0x20070000                . = ALIGN (0x4)
                0x20070000                _srelocate = .
 *(.ramfunc .ramfunc.*)
 .ramfunc       0x20070000        0xa src/ASF/common/services/delay/sam/cycle_counter.o
                0x20070000                portable_delay_cycles
 *fill*         0x2007000a        0x2 
 .ramfunc       0x2007000c      0x12c src/ASF/sam/utils/cmsis/sam3x/source/templates/system_sam3x.o
                0x2007000c                SystemInit
                0x200700b0                system_init_flash
 *(.data .data.*)
 .data.SystemCoreClock
                0x20070138        0x4 src/ASF/sam/utils/cmsis/sam3x/source/templates/system_sam3x.o
                0x20070138                SystemCoreClock
 .data._impure_ptr
                0x2007013c        0x4 c:/program files (x86)/atmel/studio/7.0/toolchain/arm/arm-gnu-toolchain/bin/../lib/gcc/arm-none-eabi/6.3.1/../../../../arm-none-eabi/lib/thumb/v7-m\libc.a(lib_a-impure.o)
                0x2007013c                _impure_ptr
 .data.impure_data
                0x20070140      0x428 c:/program files (x86)/atmel/studio/7.0/toolchain/arm/arm-gnu-toolchain/bin/../lib/gcc/arm-none-eabi/6.3.1/../../../../arm-none-eabi/lib/thumb/v7-m\libc.a(lib_a-impure.o)
 .data.__atexit_recursive_mutex
                0x20070568        0x4 c:/program files (x86)/atmel/studio/7.0/toolchain/arm/arm-gnu-toolchain/bin/../lib/gcc/arm-none-eabi/6.3.1/../../../../arm-none-eabi/lib/thumb/v7-m\libc.a(lib_a-__call_atexit.o)
                0x20070568                __atexit_recursive_mutex
 .data.__global_locale
                0x2007056c      0x16c c:/program files (x86)/atmel/studio/7.0/toolchain/arm/arm-gnu-toolchain/bin/../lib/gcc/arm-none-eabi/6.3.1/../../../../arm-none-eabi/lib/thumb/v7-m\libc.a(lib_a-locale.o)
                0x2007056c                __global_locale
 .data.__malloc_av_
                0x200706d8      0x408 c:/program files (x86)/atmel/studio/7.0/toolchain/arm/arm-gnu-toolchain/bin/../lib/gcc/arm-none-eabi/6.3.1/../../../../arm-none-eabi/lib/thumb/v7-m\libc.a(lib_a-mallocr.o)
                0x200706d8                __malloc_av_
 .data.__malloc_sbrk_base
                0x20070ae0        0x4 c:/program files (x86)/atmel/studio/7.0/toolchain/arm/arm-gnu-toolchain/bin/../lib/gcc/arm-none-eabi/6.3.1/../../../../arm-none-eabi/lib/thumb/v7-m\libc.a(lib_a-mallocr.o)
                0x20070ae0                __malloc_sbrk_base
 .data.__malloc_trim_threshold
                0x20070ae4        0x4 c:/program files (x86)/atmel/studio/7.0/toolchain/arm/arm-gnu-toolchain/bin/../lib/gcc/arm-none-eabi/6.3.1/../../../../arm-none-eabi/lib/thumb/v7-m\libc.a(lib_a-mallocr.o)
                0x20070ae4                __malloc_trim_threshold
                0x20070ae8                . = ALIGN (0x4)
                0x20070ae8                _erelocate = .

.bss            0x20070ae8      0x108 load address 0x00084fc4
                0x20070ae8                . = ALIGN (0x4)
                0x20070ae8                _sbss = .
                0x20070ae8                _szero = .
 *(.bss .bss.*)
 .bss           0x20070ae8       0x1c c:/program files (x86)/atmel/studio/7.0/toolchain/arm/arm-gnu-toolchain/bin/../lib/gcc/arm-none-eabi/6.3.1/thumb/v7-m/crtbegin.o
 .bss.gs_interrupt_sources
                0x20070b04       0x70 src/ASF/sam/drivers/pio/pio_handler.o
 .bss.heap.5297
                0x20070b74        0x4 src/ASF/sam/utils/syscalls/gcc/syscalls.o
 .bss.__malloc_current_mallinfo
                0x20070b78       0x28 c:/program files (x86)/atmel/studio/7.0/toolchain/arm/arm-gnu-toolchain/bin/../lib/gcc/arm-none-eabi/6.3.1/../../../../arm-none-eabi/lib/thumb/v7-m\libc.a(lib_a-mallocr.o)
                0x20070b78                __malloc_current_mallinfo
 .bss.__malloc_max_sbrked_mem
                0x20070ba0        0x4 c:/program files (x86)/atmel/studio/7.0/toolchain/arm/arm-gnu-toolchain/bin/../lib/gcc/arm-none-eabi/6.3.1/../../../../arm-none-eabi/lib/thumb/v7-m\libc.a(lib_a-mallocr.o)
                0x20070ba0                __malloc_max_sbrked_mem
 .bss.__malloc_max_total_mem
                0x20070ba4        0x4 c:/program files (x86)/atmel/studio/7.0/toolchain/arm/arm-gnu-toolchain/bin/../lib/gcc/arm-none-eabi/6.3.1/../../../../arm-none-eabi/lib/thumb/v7-m\libc.a(lib_a-mallocr.o)
                0x20070ba4                __malloc_max_total_mem
 .bss.__malloc_top_pad
                0x20070ba8        0x4 c:/program files (x86)/atmel/studio/7.0/toolchain/arm/arm-gnu-toolchain/bin/../lib/gcc/arm-none-eabi/6.3.1/../../../../arm-none-eabi/lib/thumb/v7-m\libc.a(lib_a-mallocr.o)
                0x20070ba8                __malloc_top_pad
 *(COMMON)
 COMMON         0x20070bac        0x4 src/ASF/common/utils/stdio/read.o
                0x20070bac                ptr_get
 COMMON         0x20070bb0        0x8 src/ASF/common/utils/stdio/write.o
                0x20070bb0                ptr_put
                0x20070bb4                stdio_base
 COMMON         0x20070bb8       0x10 src/esc.o
                0x20070bb8                speed
 COMMON         0x20070bc8       0x21 c:/program files (x86)/atmel/studio/7.0/toolchain/arm/arm-gnu-toolchain/bin/../lib/gcc/arm-none-eabi/6.3.1/../../../../arm-none-eabi/lib/thumb/v7-m\libc.a(lib_a-lock.o)
                0x20070bc8                __lock___atexit_recursive_mutex
                0x20070bcc                __lock___arc4random_mutex
                0x20070bd0                __lock___env_recursive_mutex
                0x20070bd4                __lock___sinit_recursive_mutex
                0x20070bd8                __lock___malloc_recursive_mutex
                0x20070bdc                __lock___at_quick_exit_mutex
                0x20070be0                __lock___dd_hash_mutex
                0x20070be4                __lock___tz_mutex
                0x20070be8                __lock___sfp_recursive_mutex
 *fill*         0x20070be9        0x3 
 COMMON         0x20070bec        0x4 c:/program files (x86)/atmel/studio/7.0/toolchain/arm/arm-gnu-toolchain/bin/../lib/gcc/arm-none-eabi/6.3.1/../../../../arm-none-eabi/lib/thumb/v7-m\libc.a(lib_a-reent.o)
                0x20070bec                errno
                0x20070bf0                . = ALIGN (0x4)
                0x20070bf0                _ebss = .
                0x20070bf0                _ezero = .

.stack          0x20070bf0     0x2000 load address 0x000850cc
                0x20070bf0                . = ALIGN (0x8)
                0x20070bf0                _sstack = .
                0x20072bf0                . = (. + __stack_size__)
 *fill*         0x20070bf0     0x2000 
                0x20072bf0                . = ALIGN (0x8)
                0x20072bf0                _estack = .
                0x20072bf0                . = ALIGN (0x4)
                0x20072bf0                _end = .
OUTPUT(motor_test.elf elf32-littlearm)

.ARM.attributes
                0x00000000       0x29
 .ARM.attributes
                0x00000000       0x1d c:/program files (x86)/atmel/studio/7.0/toolchain/arm/arm-gnu-toolchain/bin/../lib/gcc/arm-none-eabi/6.3.1/thumb/v7-m/crti.o
 .ARM.attributes
                0x0000001d       0x2d c:/program files (x86)/atmel/studio/7.0/toolchain/arm/arm-gnu-toolchain/bin/../lib/gcc/arm-none-eabi/6.3.1/thumb/v7-m/crtbegin.o
 .ARM.attributes
                0x0000004a       0x33 src/ASF/common/utils/stdio/read.o
 .ARM.attributes
                0x0000007d       0x33 src/ASF/sam/drivers/usart/usart.o
 .ARM.attributes
                0x000000b0       0x33 src/ASF/common/utils/stdio/write.o
 .ARM.attributes
                0x000000e3       0x33 src/ASF/common/services/delay/sam/cycle_counter.o
 .ARM.attributes
                0x00000116       0x33 src/ASF/sam/drivers/uart/uart.o
 .ARM.attributes
                0x00000149       0x33 src/esc.o
 .ARM.attributes
                0x0000017c       0x33 src/ASF/common/services/clock/sam3x/sysclk.o
 .ARM.attributes
                0x000001af       0x33 src/ASF/sam/boards/arduino_due_x/init.o
 .ARM.attributes
                0x000001e2       0x33 src/ASF/sam/drivers/pio/pio.o
 .ARM.attributes
                0x00000215       0x33 src/ASF/sam/drivers/pio/pio_handler.o
 .ARM.attributes
                0x00000248       0x33 src/ASF/sam/drivers/pmc/pmc.o
 .ARM.attributes
                0x0000027b       0x33 src/ASF/sam/utils/cmsis/sam3x/source/templates/exceptions.o
 .ARM.attributes
                0x000002ae       0x33 src/ASF/sam/utils/cmsis/sam3x/source/templates/gcc/startup_sam3x.o
 .ARM.attributes
                0x000002e1       0x33 src/ASF/sam/utils/cmsis/sam3x/source/templates/system_sam3x.o
 .ARM.attributes
                0x00000314       0x33 src/ASF/sam/utils/syscalls/gcc/syscalls.o
 .ARM.attributes
                0x00000347       0x33 src/main.o
 .ARM.attributes
                0x0000037a       0x1d c:/program files (x86)/atmel/studio/7.0/toolchain/arm/arm-gnu-toolchain/bin/../lib/gcc/arm-none-eabi/6.3.1/thumb/v7-m\libgcc.a(_arm_addsubsf3.o)
 .ARM.attributes
                0x00000397       0x1d c:/program files (x86)/atmel/studio/7.0/toolchain/arm/arm-gnu-toolchain/bin/../lib/gcc/arm-none-eabi/6.3.1/thumb/v7-m\libgcc.a(_arm_muldivsf3.o)
 .ARM.attributes
                0x000003b4       0x1d c:/program files (x86)/atmel/studio/7.0/toolchain/arm/arm-gnu-toolchain/bin/../lib/gcc/arm-none-eabi/6.3.1/thumb/v7-m\libgcc.a(_arm_fixunssfsi.o)
 .ARM.attributes
                0x000003d1       0x2d c:/program files (x86)/atmel/studio/7.0/toolchain/arm/arm-gnu-toolchain/bin/../lib/gcc/arm-none-eabi/6.3.1/../../../../arm-none-eabi/lib/thumb/v7-m\libc.a(lib_a-impure.o)
 .ARM.attributes
                0x000003fe       0x2d c:/program files (x86)/atmel/studio/7.0/toolchain/arm/arm-gnu-toolchain/bin/../lib/gcc/arm-none-eabi/6.3.1/../../../../arm-none-eabi/lib/thumb/v7-m\libc.a(lib_a-init.o)
 .ARM.attributes
                0x0000042b       0x2d c:/program files (x86)/atmel/studio/7.0/toolchain/arm/arm-gnu-toolchain/bin/../lib/gcc/arm-none-eabi/6.3.1/../../../../arm-none-eabi/lib/thumb/v7-m\libc.a(lib_a-iprintf.o)
 .ARM.attributes
                0x00000458       0x2d c:/program files (x86)/atmel/studio/7.0/toolchain/arm/arm-gnu-toolchain/bin/../lib/gcc/arm-none-eabi/6.3.1/../../../../arm-none-eabi/lib/thumb/v7-m\libc.a(lib_a-memset.o)
 .ARM.attributes
                0x00000485       0x2d c:/program files (x86)/atmel/studio/7.0/toolchain/arm/arm-gnu-toolchain/bin/../lib/gcc/arm-none-eabi/6.3.1/../../../../arm-none-eabi/lib/thumb/v7-m\libc.a(lib_a-rget.o)
 .ARM.attributes
                0x000004b2       0x2d c:/program files (x86)/atmel/studio/7.0/toolchain/arm/arm-gnu-toolchain/bin/../lib/gcc/arm-none-eabi/6.3.1/../../../../arm-none-eabi/lib/thumb/v7-m\libc.a(lib_a-setbuf.o)
 .ARM.attributes
                0x000004df       0x2d c:/program files (x86)/atmel/studio/7.0/toolchain/arm/arm-gnu-toolchain/bin/../lib/gcc/arm-none-eabi/6.3.1/../../../../arm-none-eabi/lib/thumb/v7-m\libc.a(lib_a-setvbuf.o)
 .ARM.attributes
                0x0000050c       0x2d c:/program files (x86)/atmel/studio/7.0/toolchain/arm/arm-gnu-toolchain/bin/../lib/gcc/arm-none-eabi/6.3.1/../../../../arm-none-eabi/lib/thumb/v7-m\libc.a(lib_a-vfiprintf.o)
 .ARM.attributes
                0x00000539       0x2d c:/program files (x86)/atmel/studio/7.0/toolchain/arm/arm-gnu-toolchain/bin/../lib/gcc/arm-none-eabi/6.3.1/../../../../arm-none-eabi/lib/thumb/v7-m\libc.a(lib_a-wsetup.o)
 .ARM.attributes
                0x00000566       0x2d c:/program files (x86)/atmel/studio/7.0/toolchain/arm/arm-gnu-toolchain/bin/../lib/gcc/arm-none-eabi/6.3.1/../../../../arm-none-eabi/lib/thumb/v7-m\libc.a(lib_a-__call_atexit.o)
 .ARM.attributes
                0x00000593       0x2d c:/program files (x86)/atmel/studio/7.0/toolchain/arm/arm-gnu-toolchain/bin/../lib/gcc/arm-none-eabi/6.3.1/../../../../arm-none-eabi/lib/thumb/v7-m\libc.a(lib_a-atexit.o)
 .ARM.attributes
                0x000005c0       0x2d c:/program files (x86)/atmel/studio/7.0/toolchain/arm/arm-gnu-toolchain/bin/../lib/gcc/arm-none-eabi/6.3.1/../../../../arm-none-eabi/lib/thumb/v7-m\libc.a(lib_a-fflush.o)
 .ARM.attributes
                0x000005ed       0x2d c:/program files (x86)/atmel/studio/7.0/toolchain/arm/arm-gnu-toolchain/bin/../lib/gcc/arm-none-eabi/6.3.1/../../../../arm-none-eabi/lib/thumb/v7-m\libc.a(lib_a-findfp.o)
 .ARM.attributes
                0x0000061a       0x2d c:/program files (x86)/atmel/studio/7.0/toolchain/arm/arm-gnu-toolchain/bin/../lib/gcc/arm-none-eabi/6.3.1/../../../../arm-none-eabi/lib/thumb/v7-m\libc.a(lib_a-fini.o)
 .ARM.attributes
                0x00000647       0x2d c:/program files (x86)/atmel/studio/7.0/toolchain/arm/arm-gnu-toolchain/bin/../lib/gcc/arm-none-eabi/6.3.1/../../../../arm-none-eabi/lib/thumb/v7-m\libc.a(lib_a-fputwc.o)
 .ARM.attributes
                0x00000674       0x2d c:/program files (x86)/atmel/studio/7.0/toolchain/arm/arm-gnu-toolchain/bin/../lib/gcc/arm-none-eabi/6.3.1/../../../../arm-none-eabi/lib/thumb/v7-m\libc.a(lib_a-freer.o)
 .ARM.attributes
                0x000006a1       0x2d c:/program files (x86)/atmel/studio/7.0/toolchain/arm/arm-gnu-toolchain/bin/../lib/gcc/arm-none-eabi/6.3.1/../../../../arm-none-eabi/lib/thumb/v7-m\libc.a(lib_a-fvwrite.o)
 .ARM.attributes
                0x000006ce       0x2d c:/program files (x86)/atmel/studio/7.0/toolchain/arm/arm-gnu-toolchain/bin/../lib/gcc/arm-none-eabi/6.3.1/../../../../arm-none-eabi/lib/thumb/v7-m\libc.a(lib_a-fwalk.o)
 .ARM.attributes
                0x000006fb       0x2d c:/program files (x86)/atmel/studio/7.0/toolchain/arm/arm-gnu-toolchain/bin/../lib/gcc/arm-none-eabi/6.3.1/../../../../arm-none-eabi/lib/thumb/v7-m\libc.a(lib_a-locale.o)
 .ARM.attributes
                0x00000728       0x2d c:/program files (x86)/atmel/studio/7.0/toolchain/arm/arm-gnu-toolchain/bin/../lib/gcc/arm-none-eabi/6.3.1/../../../../arm-none-eabi/lib/thumb/v7-m\libc.a(lib_a-lock.o)
 .ARM.attributes
                0x00000755       0x2d c:/program files (x86)/atmel/studio/7.0/toolchain/arm/arm-gnu-toolchain/bin/../lib/gcc/arm-none-eabi/6.3.1/../../../../arm-none-eabi/lib/thumb/v7-m\libc.a(lib_a-makebuf.o)
 .ARM.attributes
                0x00000782       0x2d c:/program files (x86)/atmel/studio/7.0/toolchain/arm/arm-gnu-toolchain/bin/../lib/gcc/arm-none-eabi/6.3.1/../../../../arm-none-eabi/lib/thumb/v7-m\libc.a(lib_a-malloc.o)
 .ARM.attributes
                0x000007af       0x2d c:/program files (x86)/atmel/studio/7.0/toolchain/arm/arm-gnu-toolchain/bin/../lib/gcc/arm-none-eabi/6.3.1/../../../../arm-none-eabi/lib/thumb/v7-m\libc.a(lib_a-mallocr.o)
 .ARM.attributes
                0x000007dc       0x2d c:/program files (x86)/atmel/studio/7.0/toolchain/arm/arm-gnu-toolchain/bin/../lib/gcc/arm-none-eabi/6.3.1/../../../../arm-none-eabi/lib/thumb/v7-m\libc.a(lib_a-mbtowc_r.o)
 .ARM.attributes
                0x00000809       0x2d c:/program files (x86)/atmel/studio/7.0/toolchain/arm/arm-gnu-toolchain/bin/../lib/gcc/arm-none-eabi/6.3.1/../../../../arm-none-eabi/lib/thumb/v7-m\libc.a(lib_a-memchr-stub.o)
 .ARM.attributes
                0x00000836       0x1b c:/program files (x86)/atmel/studio/7.0/toolchain/arm/arm-gnu-toolchain/bin/../lib/gcc/arm-none-eabi/6.3.1/../../../../arm-none-eabi/lib/thumb/v7-m\libc.a(lib_a-memcpy.o)
 .ARM.attributes
                0x00000851       0x2d c:/program files (x86)/atmel/studio/7.0/toolchain/arm/arm-gnu-toolchain/bin/../lib/gcc/arm-none-eabi/6.3.1/../../../../arm-none-eabi/lib/thumb/v7-m\libc.a(lib_a-memmove.o)
 .ARM.attributes
                0x0000087e       0x2d c:/program files (x86)/atmel/studio/7.0/toolchain/arm/arm-gnu-toolchain/bin/../lib/gcc/arm-none-eabi/6.3.1/../../../../arm-none-eabi/lib/thumb/v7-m\libc.a(lib_a-mlock.o)
 .ARM.attributes
                0x000008ab       0x2d c:/program files (x86)/atmel/studio/7.0/toolchain/arm/arm-gnu-toolchain/bin/../lib/gcc/arm-none-eabi/6.3.1/../../../../arm-none-eabi/lib/thumb/v7-m\libc.a(lib_a-reallocr.o)
 .ARM.attributes
                0x000008d8       0x2d c:/program files (x86)/atmel/studio/7.0/toolchain/arm/arm-gnu-toolchain/bin/../lib/gcc/arm-none-eabi/6.3.1/../../../../arm-none-eabi/lib/thumb/v7-m\libc.a(lib_a-refill.o)
 .ARM.attributes
                0x00000905       0x2d c:/program files (x86)/atmel/studio/7.0/toolchain/arm/arm-gnu-toolchain/bin/../lib/gcc/arm-none-eabi/6.3.1/../../../../arm-none-eabi/lib/thumb/v7-m\libc.a(lib_a-sbrkr.o)
 .ARM.attributes
                0x00000932       0x2d c:/program files (x86)/atmel/studio/7.0/toolchain/arm/arm-gnu-toolchain/bin/../lib/gcc/arm-none-eabi/6.3.1/../../../../arm-none-eabi/lib/thumb/v7-m\libc.a(lib_a-stdio.o)
 .ARM.attributes
                0x0000095f       0x2d c:/program files (x86)/atmel/studio/7.0/toolchain/arm/arm-gnu-toolchain/bin/../lib/gcc/arm-none-eabi/6.3.1/../../../../arm-none-eabi/lib/thumb/v7-m\libc.a(lib_a-strlen-stub.o)
 .ARM.attributes
                0x0000098c       0x2d c:/program files (x86)/atmel/studio/7.0/toolchain/arm/arm-gnu-toolchain/bin/../lib/gcc/arm-none-eabi/6.3.1/../../../../arm-none-eabi/lib/thumb/v7-m\libc.a(lib_a-wbuf.o)
 .ARM.attributes
                0x000009b9       0x2d c:/program files (x86)/atmel/studio/7.0/toolchain/arm/arm-gnu-toolchain/bin/../lib/gcc/arm-none-eabi/6.3.1/../../../../arm-none-eabi/lib/thumb/v7-m\libc.a(lib_a-wcrtomb.o)
 .ARM.attributes
                0x000009e6       0x2d c:/program files (x86)/atmel/studio/7.0/toolchain/arm/arm-gnu-toolchain/bin/../lib/gcc/arm-none-eabi/6.3.1/../../../../arm-none-eabi/lib/thumb/v7-m\libc.a(lib_a-wctomb_r.o)
 .ARM.attributes
                0x00000a13       0x2d c:/program files (x86)/atmel/studio/7.0/toolchain/arm/arm-gnu-toolchain/bin/../lib/gcc/arm-none-eabi/6.3.1/../../../../arm-none-eabi/lib/thumb/v7-m\libc.a(lib_a-writer.o)
 .ARM.attributes
                0x00000a40       0x2d c:/program files (x86)/atmel/studio/7.0/toolchain/arm/arm-gnu-toolchain/bin/../lib/gcc/arm-none-eabi/6.3.1/../../../../arm-none-eabi/lib/thumb/v7-m\libc.a(lib_a-__atexit.o)
 .ARM.attributes
                0x00000a6d       0x2d c:/program files (x86)/atmel/studio/7.0/toolchain/arm/arm-gnu-toolchain/bin/../lib/gcc/arm-none-eabi/6.3.1/../../../../arm-none-eabi/lib/thumb/v7-m\libc.a(lib_a-closer.o)
 .ARM.attributes
                0x00000a9a       0x2d c:/program files (x86)/atmel/studio/7.0/toolchain/arm/arm-gnu-toolchain/bin/../lib/gcc/arm-none-eabi/6.3.1/../../../../arm-none-eabi/lib/thumb/v7-m\libc.a(lib_a-ctype_.o)
 .ARM.attributes
                0x00000ac7       0x2d c:/program files (x86)/atmel/studio/7.0/toolchain/arm/arm-gnu-toolchain/bin/../lib/gcc/arm-none-eabi/6.3.1/../../../../arm-none-eabi/lib/thumb/v7-m\libc.a(lib_a-fclose.o)
 .ARM.attributes
                0x00000af4       0x2d c:/program files (x86)/atmel/studio/7.0/toolchain/arm/arm-gnu-toolchain/bin/../lib/gcc/arm-none-eabi/6.3.1/../../../../arm-none-eabi/lib/thumb/v7-m\libc.a(lib_a-fstatr.o)
 .ARM.attributes
                0x00000b21       0x2d c:/program files (x86)/atmel/studio/7.0/toolchain/arm/arm-gnu-toolchain/bin/../lib/gcc/arm-none-eabi/6.3.1/../../../../arm-none-eabi/lib/thumb/v7-m\libc.a(lib_a-isattyr.o)
 .ARM.attributes
                0x00000b4e       0x2d c:/program files (x86)/atmel/studio/7.0/toolchain/arm/arm-gnu-toolchain/bin/../lib/gcc/arm-none-eabi/6.3.1/../../../../arm-none-eabi/lib/thumb/v7-m\libc.a(lib_a-lseekr.o)
 .ARM.attributes
                0x00000b7b       0x2d c:/program files (x86)/atmel/studio/7.0/toolchain/arm/arm-gnu-toolchain/bin/../lib/gcc/arm-none-eabi/6.3.1/../../../../arm-none-eabi/lib/thumb/v7-m\libc.a(lib_a-readr.o)
 .ARM.attributes
                0x00000ba8       0x2d c:/program files (x86)/atmel/studio/7.0/toolchain/arm/arm-gnu-toolchain/bin/../lib/gcc/arm-none-eabi/6.3.1/../../../../arm-none-eabi/lib/thumb/v7-m\libc.a(lib_a-reent.o)
 .ARM.attributes
                0x00000bd5       0x1d c:/program files (x86)/atmel/studio/7.0/toolchain/arm/arm-gnu-toolchain/bin/../lib/gcc/arm-none-eabi/6.3.1/thumb/v7-m\libgcc.a(_aeabi_uldivmod.o)
 .ARM.attributes
                0x00000bf2       0x2d c:/program files (x86)/atmel/studio/7.0/toolchain/arm/arm-gnu-toolchain/bin/../lib/gcc/arm-none-eabi/6.3.1/thumb/v7-m\libgcc.a(_udivmoddi4.o)
 .ARM.attributes
                0x00000c1f       0x1d c:/program files (x86)/atmel/studio/7.0/toolchain/arm/arm-gnu-toolchain/bin/../lib/gcc/arm-none-eabi/6.3.1/thumb/v7-m\libgcc.a(_dvmd_tls.o)
 .ARM.attributes
                0x00000c3c       0x1d c:/program files (x86)/atmel/studio/7.0/toolchain/arm/arm-gnu-toolchain/bin/../lib/gcc/arm-none-eabi/6.3.1/thumb/v7-m/crtn.o

.comment        0x00000000       0x59
 .comment       0x00000000       0x59 src/ASF/common/utils/stdio/read.o
                                 0x5a (size before relaxing)
 .comment       0x00000059       0x5a src/ASF/sam/drivers/usart/usart.o
 .comment       0x00000059       0x5a src/ASF/common/utils/stdio/write.o
 .comment       0x00000059       0x5a src/ASF/common/services/delay/sam/cycle_counter.o
 .comment       0x00000059       0x5a src/ASF/sam/drivers/uart/uart.o
 .comment       0x00000059       0x5a src/esc.o
 .comment       0x00000059       0x5a src/ASF/common/services/clock/sam3x/sysclk.o
 .comment       0x00000059       0x5a src/ASF/sam/boards/arduino_due_x/init.o
 .comment       0x00000059       0x5a src/ASF/sam/drivers/pio/pio.o
 .comment       0x00000059       0x5a src/ASF/sam/drivers/pio/pio_handler.o
 .comment       0x00000059       0x5a src/ASF/sam/drivers/pmc/pmc.o
 .comment       0x00000059       0x5a src/ASF/sam/utils/cmsis/sam3x/source/templates/exceptions.o
 .comment       0x00000059       0x5a src/ASF/sam/utils/cmsis/sam3x/source/templates/gcc/startup_sam3x.o
 .comment       0x00000059       0x5a src/ASF/sam/utils/cmsis/sam3x/source/templates/system_sam3x.o
 .comment       0x00000059       0x5a src/ASF/sam/utils/syscalls/gcc/syscalls.o
 .comment       0x00000059       0x5a src/main.o

.debug_info     0x00000000    0x11dae
 .debug_info    0x00000000      0xac9 src/ASF/common/utils/stdio/read.o
 .debug_info    0x00000ac9     0x24e3 src/ASF/sam/drivers/usart/usart.o
 .debug_info    0x00002fac      0xac6 src/ASF/common/utils/stdio/write.o
 .debug_info    0x00003a72      0xa45 src/ASF/common/services/delay/sam/cycle_counter.o
 .debug_info    0x000044b7     0x119c src/ASF/sam/drivers/uart/uart.o
 .debug_info    0x00005653      0xe10 src/esc.o
 .debug_info    0x00006463     0x11ad src/ASF/common/services/clock/sam3x/sysclk.o
 .debug_info    0x00007610     0x10be src/ASF/sam/boards/arduino_due_x/init.o
 .debug_info    0x000086ce     0x1c61 src/ASF/sam/drivers/pio/pio.o
 .debug_info    0x0000a32f     0x17be src/ASF/sam/drivers/pio/pio_handler.o
 .debug_info    0x0000baed     0x1a59 src/ASF/sam/drivers/pmc/pmc.o
 .debug_info    0x0000d546      0xa39 src/ASF/sam/utils/cmsis/sam3x/source/templates/exceptions.o
 .debug_info    0x0000df7f      0xd1b src/ASF/sam/utils/cmsis/sam3x/source/templates/gcc/startup_sam3x.o
 .debug_info    0x0000ec9a      0xdc2 src/ASF/sam/utils/cmsis/sam3x/source/templates/system_sam3x.o
 .debug_info    0x0000fa5c      0xdb0 src/ASF/sam/utils/syscalls/gcc/syscalls.o
 .debug_info    0x0001080c     0x15a2 src/main.o

.debug_abbrev   0x00000000     0x2960
 .debug_abbrev  0x00000000      0x1fe src/ASF/common/utils/stdio/read.o
 .debug_abbrev  0x000001fe      0x406 src/ASF/sam/drivers/usart/usart.o
 .debug_abbrev  0x00000604      0x1e9 src/ASF/common/utils/stdio/write.o
 .debug_abbrev  0x000007ed      0x1b3 src/ASF/common/services/delay/sam/cycle_counter.o
 .debug_abbrev  0x000009a0      0x288 src/ASF/sam/drivers/uart/uart.o
 .debug_abbrev  0x00000c28      0x214 src/esc.o
 .debug_abbrev  0x00000e3c      0x330 src/ASF/common/services/clock/sam3x/sysclk.o
 .debug_abbrev  0x0000116c      0x262 src/ASF/sam/boards/arduino_due_x/init.o
 .debug_abbrev  0x000013ce      0x3c7 src/ASF/sam/drivers/pio/pio.o
 .debug_abbrev  0x00001795      0x329 src/ASF/sam/drivers/pio/pio_handler.o
 .debug_abbrev  0x00001abe      0x335 src/ASF/sam/drivers/pmc/pmc.o
 .debug_abbrev  0x00001df3      0x1a4 src/ASF/sam/utils/cmsis/sam3x/source/templates/exceptions.o
 .debug_abbrev  0x00001f97      0x1f2 src/ASF/sam/utils/cmsis/sam3x/source/templates/gcc/startup_sam3x.o
 .debug_abbrev  0x00002189      0x1f4 src/ASF/sam/utils/cmsis/sam3x/source/templates/system_sam3x.o
 .debug_abbrev  0x0000237d      0x264 src/ASF/sam/utils/syscalls/gcc/syscalls.o
 .debug_abbrev  0x000025e1      0x37f src/main.o

.debug_loc      0x00000000     0x3798
 .debug_loc     0x00000000       0xb3 src/ASF/common/utils/stdio/read.o
 .debug_loc     0x000000b3     0x1062 src/ASF/sam/drivers/usart/usart.o
 .debug_loc     0x00001115      0x12b src/ASF/common/utils/stdio/write.o
 .debug_loc     0x00001240      0x241 src/ASF/sam/drivers/uart/uart.o
 .debug_loc     0x00001481      0x17f src/esc.o
 .debug_loc     0x00001600      0x183 src/ASF/common/services/clock/sam3x/sysclk.o
 .debug_loc     0x00001783       0x70 src/ASF/sam/boards/arduino_due_x/init.o
 .debug_loc     0x000017f3      0xacc src/ASF/sam/drivers/pio/pio.o
 .debug_loc     0x000022bf      0x569 src/ASF/sam/drivers/pio/pio_handler.o
 .debug_loc     0x00002828      0xa54 src/ASF/sam/drivers/pmc/pmc.o
 .debug_loc     0x0000327c       0x6b src/ASF/sam/utils/cmsis/sam3x/source/templates/gcc/startup_sam3x.o
 .debug_loc     0x000032e7       0xfd src/ASF/sam/utils/syscalls/gcc/syscalls.o
 .debug_loc     0x000033e4      0x3b4 src/main.o

.debug_aranges  0x00000000      0x948
 .debug_aranges
                0x00000000       0x20 src/ASF/common/utils/stdio/read.o
 .debug_aranges
                0x00000020      0x2a8 src/ASF/sam/drivers/usart/usart.o
 .debug_aranges
                0x000002c8       0x20 src/ASF/common/utils/stdio/write.o
 .debug_aranges
                0x000002e8       0x20 src/ASF/common/services/delay/sam/cycle_counter.o
 .debug_aranges
                0x00000308       0xe8 src/ASF/sam/drivers/uart/uart.o
 .debug_aranges
                0x000003f0       0x48 src/esc.o
 .debug_aranges
                0x00000438       0x40 src/ASF/common/services/clock/sam3x/sysclk.o
 .debug_aranges
                0x00000478       0x20 src/ASF/sam/boards/arduino_due_x/init.o
 .debug_aranges
                0x00000498      0x148 src/ASF/sam/drivers/pio/pio.o
 .debug_aranges
                0x000005e0       0x58 src/ASF/sam/drivers/pio/pio_handler.o
 .debug_aranges
                0x00000638      0x200 src/ASF/sam/drivers/pmc/pmc.o
 .debug_aranges
                0x00000838       0x20 src/ASF/sam/utils/cmsis/sam3x/source/templates/exceptions.o
 .debug_aranges
                0x00000858       0x20 src/ASF/sam/utils/cmsis/sam3x/source/templates/gcc/startup_sam3x.o
 .debug_aranges
                0x00000878       0x30 src/ASF/sam/utils/cmsis/sam3x/source/templates/system_sam3x.o
 .debug_aranges
                0x000008a8       0x60 src/ASF/sam/utils/syscalls/gcc/syscalls.o
 .debug_aranges
                0x00000908       0x40 src/main.o

.debug_ranges   0x00000000      0x898
 .debug_ranges  0x00000000       0x10 src/ASF/common/utils/stdio/read.o
 .debug_ranges  0x00000010      0x298 src/ASF/sam/drivers/usart/usart.o
 .debug_ranges  0x000002a8       0x10 src/ASF/common/utils/stdio/write.o
 .debug_ranges  0x000002b8       0x10 src/ASF/common/services/delay/sam/cycle_counter.o
 .debug_ranges  0x000002c8       0xd8 src/ASF/sam/drivers/uart/uart.o
 .debug_ranges  0x000003a0       0x38 src/esc.o
 .debug_ranges  0x000003d8       0x30 src/ASF/common/services/clock/sam3x/sysclk.o
 .debug_ranges  0x00000408       0x10 src/ASF/sam/boards/arduino_due_x/init.o
 .debug_ranges  0x00000418      0x150 src/ASF/sam/drivers/pio/pio.o
 .debug_ranges  0x00000568       0x60 src/ASF/sam/drivers/pio/pio_handler.o
 .debug_ranges  0x000005c8      0x1f0 src/ASF/sam/drivers/pmc/pmc.o
 .debug_ranges  0x000007b8       0x10 src/ASF/sam/utils/cmsis/sam3x/source/templates/exceptions.o
 .debug_ranges  0x000007c8       0x10 src/ASF/sam/utils/cmsis/sam3x/source/templates/gcc/startup_sam3x.o
 .debug_ranges  0x000007d8       0x20 src/ASF/sam/utils/cmsis/sam3x/source/templates/system_sam3x.o
 .debug_ranges  0x000007f8       0x50 src/ASF/sam/utils/syscalls/gcc/syscalls.o
 .debug_ranges  0x00000848       0x50 src/main.o

.debug_macro    0x00000000    0x176b5
 .debug_macro   0x00000000      0x550 src/ASF/common/utils/stdio/read.o
 .debug_macro   0x00000550      0x8ce src/ASF/common/utils/stdio/read.o
 .debug_macro   0x00000e1e      0x16d src/ASF/common/utils/stdio/read.o
 .debug_macro   0x00000f8b      0x6d7 src/ASF/common/utils/stdio/read.o
 .debug_macro   0x00001662       0x76 src/ASF/common/utils/stdio/read.o
 .debug_macro   0x000016d8       0x16 src/ASF/common/utils/stdio/read.o
 .debug_macro   0x000016ee      0x6da src/ASF/common/utils/stdio/read.o
 .debug_macro   0x00001dc8       0x22 src/ASF/common/utils/stdio/read.o
 .debug_macro   0x00001dea       0x87 src/ASF/common/utils/stdio/read.o
 .debug_macro   0x00001e71       0x51 src/ASF/common/utils/stdio/read.o
 .debug_macro   0x00001ec2       0xef src/ASF/common/utils/stdio/read.o
 .debug_macro   0x00001fb1       0x6a src/ASF/common/utils/stdio/read.o
 .debug_macro   0x0000201b      0x1df src/ASF/common/utils/stdio/read.o
 .debug_macro   0x000021fa       0x20 src/ASF/common/utils/stdio/read.o
 .debug_macro   0x0000221a       0x3a src/ASF/common/utils/stdio/read.o
 .debug_macro   0x00002254       0x2d src/ASF/common/utils/stdio/read.o
 .debug_macro   0x00002281      0xbb1 src/ASF/common/utils/stdio/read.o
 .debug_macro   0x00002e32      0xaac src/ASF/common/utils/stdio/read.o
 .debug_macro   0x000038de      0x55f src/ASF/common/utils/stdio/read.o
 .debug_macro   0x00003e3d      0x2ab src/ASF/common/utils/stdio/read.o
 .debug_macro   0x000040e8      0x310 src/ASF/common/utils/stdio/read.o
 .debug_macro   0x000043f8      0x746 src/ASF/common/utils/stdio/read.o
 .debug_macro   0x00004b3e       0x82 src/ASF/common/utils/stdio/read.o
 .debug_macro   0x00004bc0      0x571 src/ASF/common/utils/stdio/read.o
 .debug_macro   0x00005131       0x1c src/ASF/common/utils/stdio/read.o
 .debug_macro   0x0000514d      0x6ae src/ASF/common/utils/stdio/read.o
 .debug_macro   0x000057fb      0x523 src/ASF/common/utils/stdio/read.o
 .debug_macro   0x00005d1e       0xbe src/ASF/common/utils/stdio/read.o
 .debug_macro   0x00005ddc     0x2338 src/ASF/common/utils/stdio/read.o
 .debug_macro   0x00008114      0x853 src/ASF/common/utils/stdio/read.o
 .debug_macro   0x00008967      0xdbf src/ASF/common/utils/stdio/read.o
 .debug_macro   0x00009726       0x7c src/ASF/common/utils/stdio/read.o
 .debug_macro   0x000097a2      0x25a src/ASF/common/utils/stdio/read.o
 .debug_macro   0x000099fc       0x58 src/ASF/common/utils/stdio/read.o
 .debug_macro   0x00009a54      0x99e src/ASF/common/utils/stdio/read.o
 .debug_macro   0x0000a3f2      0x240 src/ASF/common/utils/stdio/read.o
 .debug_macro   0x0000a632      0x4d5 src/ASF/common/utils/stdio/read.o
 .debug_macro   0x0000ab07      0x6a9 src/ASF/common/utils/stdio/read.o
 .debug_macro   0x0000b1b0      0x595 src/ASF/common/utils/stdio/read.o
 .debug_macro   0x0000b745       0x46 src/ASF/common/utils/stdio/read.o
 .debug_macro   0x0000b78b      0x344 src/ASF/common/utils/stdio/read.o
 .debug_macro   0x0000bacf      0x283 src/ASF/common/utils/stdio/read.o
 .debug_macro   0x0000bd52     0x14d7 src/ASF/common/utils/stdio/read.o
 .debug_macro   0x0000d229      0x7b0 src/ASF/common/utils/stdio/read.o
 .debug_macro   0x0000d9d9       0x76 src/ASF/common/utils/stdio/read.o
 .debug_macro   0x0000da4f       0x82 src/ASF/common/utils/stdio/read.o
 .debug_macro   0x0000dad1       0x76 src/ASF/common/utils/stdio/read.o
 .debug_macro   0x0000db47       0x4c src/ASF/common/utils/stdio/read.o
 .debug_macro   0x0000db93      0x100 src/ASF/common/utils/stdio/read.o
 .debug_macro   0x0000dc93      0x100 src/ASF/common/utils/stdio/read.o
 .debug_macro   0x0000dd93      0x100 src/ASF/common/utils/stdio/read.o
 .debug_macro   0x0000de93       0x88 src/ASF/common/utils/stdio/read.o
 .debug_macro   0x0000df1b       0x88 src/ASF/common/utils/stdio/read.o
 .debug_macro   0x0000dfa3      0x3b4 src/ASF/common/utils/stdio/read.o
 .debug_macro   0x0000e357       0xb8 src/ASF/common/utils/stdio/read.o
 .debug_macro   0x0000e40f       0xb8 src/ASF/common/utils/stdio/read.o
 .debug_macro   0x0000e4c7       0xb8 src/ASF/common/utils/stdio/read.o
 .debug_macro   0x0000e57f       0xb8 src/ASF/common/utils/stdio/read.o
 .debug_macro   0x0000e637      0x2b8 src/ASF/common/utils/stdio/read.o
 .debug_macro   0x0000e8ef      0x11b src/ASF/common/utils/stdio/read.o
 .debug_macro   0x0000ea0a      0x21b src/ASF/common/utils/stdio/read.o
 .debug_macro   0x0000ec25      0x21b src/ASF/common/utils/stdio/read.o
 .debug_macro   0x0000ee40       0x2e src/ASF/common/utils/stdio/read.o
 .debug_macro   0x0000ee6e       0xac src/ASF/common/utils/stdio/read.o
 .debug_macro   0x0000ef1a      0x143 src/ASF/common/utils/stdio/read.o
 .debug_macro   0x0000f05d       0x7c src/ASF/common/utils/stdio/read.o
 .debug_macro   0x0000f0d9      0x1fb src/ASF/common/utils/stdio/read.o
 .debug_macro   0x0000f2d4       0x64 src/ASF/common/utils/stdio/read.o
 .debug_macro   0x0000f338       0xa6 src/ASF/common/utils/stdio/read.o
 .debug_macro   0x0000f3de       0x7c src/ASF/common/utils/stdio/read.o
 .debug_macro   0x0000f45a       0x16 src/ASF/common/utils/stdio/read.o
 .debug_macro   0x0000f470       0x22 src/ASF/common/utils/stdio/read.o
 .debug_macro   0x0000f492       0x22 src/ASF/common/utils/stdio/read.o
 .debug_macro   0x0000f4b4      0x10c src/ASF/common/utils/stdio/read.o
 .debug_macro   0x0000f5c0      0x10c src/ASF/common/utils/stdio/read.o
 .debug_macro   0x0000f6cc      0x10c src/ASF/common/utils/stdio/read.o
 .debug_macro   0x0000f7d8      0x10c src/ASF/common/utils/stdio/read.o
 .debug_macro   0x0000f8e4       0x1c src/ASF/common/utils/stdio/read.o
 .debug_macro   0x0000f900       0x2e src/ASF/common/utils/stdio/read.o
 .debug_macro   0x0000f92e       0x22 src/ASF/common/utils/stdio/read.o
 .debug_macro   0x0000f950       0x1c src/ASF/common/utils/stdio/read.o
 .debug_macro   0x0000f96c       0x58 src/ASF/common/utils/stdio/read.o
 .debug_macro   0x0000f9c4       0x10 src/ASF/common/utils/stdio/read.o
 .debug_macro   0x0000f9d4      0x273 src/ASF/common/utils/stdio/read.o
 .debug_macro   0x0000fc47      0xd39 src/ASF/common/utils/stdio/read.o
 .debug_macro   0x00010980      0x131 src/ASF/common/utils/stdio/read.o
 .debug_macro   0x00010ab1       0x58 src/ASF/common/utils/stdio/read.o
 .debug_macro   0x00010b09       0x35 src/ASF/common/utils/stdio/read.o
 .debug_macro   0x00010b3e       0x9c src/ASF/common/utils/stdio/read.o
 .debug_macro   0x00010bda       0x16 src/ASF/common/utils/stdio/read.o
 .debug_macro   0x00010bf0       0x35 src/ASF/common/utils/stdio/read.o
 .debug_macro   0x00010c25      0x353 src/ASF/common/utils/stdio/read.o
 .debug_macro   0x00010f78       0x10 src/ASF/common/utils/stdio/read.o
 .debug_macro   0x00010f88       0x58 src/ASF/common/utils/stdio/read.o
 .debug_macro   0x00010fe0       0x1f src/ASF/common/utils/stdio/read.o
 .debug_macro   0x00010fff       0x43 src/ASF/common/utils/stdio/read.o
 .debug_macro   0x00011042       0x20 src/ASF/common/utils/stdio/read.o
 .debug_macro   0x00011062      0x187 src/ASF/common/utils/stdio/read.o
 .debug_macro   0x000111e9       0x10 src/ASF/common/utils/stdio/read.o
 .debug_macro   0x000111f9       0x1c src/ASF/common/utils/stdio/read.o
 .debug_macro   0x00011215       0x52 src/ASF/common/utils/stdio/read.o
 .debug_macro   0x00011267       0x40 src/ASF/common/utils/stdio/read.o
 .debug_macro   0x000112a7       0x10 src/ASF/common/utils/stdio/read.o
 .debug_macro   0x000112b7       0x40 src/ASF/common/utils/stdio/read.o
 .debug_macro   0x000112f7       0xd7 src/ASF/common/utils/stdio/read.o
 .debug_macro   0x000113ce       0x16 src/ASF/common/utils/stdio/read.o
 .debug_macro   0x000113e4      0x18b src/ASF/common/utils/stdio/read.o
 .debug_macro   0x0001156f       0x22 src/ASF/common/utils/stdio/read.o
 .debug_macro   0x00011591       0x16 src/ASF/common/utils/stdio/read.o
 .debug_macro   0x000115a7       0x16 src/ASF/common/utils/stdio/read.o
 .debug_macro   0x000115bd       0x29 src/ASF/common/utils/stdio/read.o
 .debug_macro   0x000115e6       0x73 src/ASF/common/utils/stdio/read.o
 .debug_macro   0x00011659       0x44 src/ASF/common/utils/stdio/read.o
 .debug_macro   0x0001169d      0x3ca src/ASF/common/utils/stdio/read.o
 .debug_macro   0x00011a67      0x59b src/ASF/sam/drivers/usart/usart.o
 .debug_macro   0x00012002       0x28 src/ASF/sam/drivers/usart/usart.o
 .debug_macro   0x0001202a      0x550 src/ASF/common/utils/stdio/write.o
 .debug_macro   0x0001257a      0x55f src/ASF/common/services/delay/sam/cycle_counter.o
 .debug_macro   0x00012ad9       0x22 src/ASF/common/services/delay/sam/cycle_counter.o
 .debug_macro   0x00012afb      0x55f src/ASF/sam/drivers/uart/uart.o
 .debug_macro   0x0001305a       0x16 src/ASF/sam/drivers/uart/uart.o
 .debug_macro   0x00013070      0x694 src/esc.o
 .debug_macro   0x00013704       0x10 src/esc.o
 .debug_macro   0x00013714       0x26 src/esc.o
 .debug_macro   0x0001373a       0x28 src/esc.o
 .debug_macro   0x00013762       0x22 src/esc.o
 .debug_macro   0x00013784       0x94 src/esc.o
 .debug_macro   0x00013818       0x40 src/esc.o
 .debug_macro   0x00013858       0x70 src/esc.o
 .debug_macro   0x000138c8       0x34 src/esc.o
 .debug_macro   0x000138fc      0x5d1 src/ASF/common/services/clock/sam3x/sysclk.o
 .debug_macro   0x00013ecd      0x2bd src/ASF/common/services/clock/sam3x/sysclk.o
 .debug_macro   0x0001418a      0x616 src/ASF/sam/boards/arduino_due_x/init.o
 .debug_macro   0x000147a0       0x22 src/ASF/sam/boards/arduino_due_x/init.o
 .debug_macro   0x000147c2       0x6a src/ASF/sam/boards/arduino_due_x/init.o
 .debug_macro   0x0001482c      0x56b src/ASF/sam/drivers/pio/pio.o
 .debug_macro   0x00014d97       0x8e src/ASF/sam/drivers/pio/pio.o
 .debug_macro   0x00014e25      0x56f src/ASF/sam/drivers/pio/pio_handler.o
 .debug_macro   0x00015394      0x565 src/ASF/sam/drivers/pmc/pmc.o
 .debug_macro   0x000158f9       0x58 src/ASF/sam/drivers/pmc/pmc.o
 .debug_macro   0x00015951      0x564 src/ASF/sam/utils/cmsis/sam3x/source/templates/exceptions.o
 .debug_macro   0x00015eb5      0x572 src/ASF/sam/utils/cmsis/sam3x/source/templates/gcc/startup_sam3x.o
 .debug_macro   0x00016427      0x572 src/ASF/sam/utils/cmsis/sam3x/source/templates/system_sam3x.o
 .debug_macro   0x00016999      0x1d6 src/ASF/sam/utils/syscalls/gcc/syscalls.o
 .debug_macro   0x00016b6f       0x52 src/ASF/sam/utils/syscalls/gcc/syscalls.o
 .debug_macro   0x00016bc1       0x8d src/ASF/sam/utils/syscalls/gcc/syscalls.o
 .debug_macro   0x00016c4e       0x57 src/ASF/sam/utils/syscalls/gcc/syscalls.o
 .debug_macro   0x00016ca5       0x97 src/ASF/sam/utils/syscalls/gcc/syscalls.o
 .debug_macro   0x00016d3c       0xf6 src/ASF/sam/utils/syscalls/gcc/syscalls.o
 .debug_macro   0x00016e32       0x4c src/ASF/sam/utils/syscalls/gcc/syscalls.o
 .debug_macro   0x00016e7e       0x16 src/ASF/sam/utils/syscalls/gcc/syscalls.o
 .debug_macro   0x00016e94       0x10 src/ASF/sam/utils/syscalls/gcc/syscalls.o
 .debug_macro   0x00016ea4       0x10 src/ASF/sam/utils/syscalls/gcc/syscalls.o
 .debug_macro   0x00016eb4       0x35 src/ASF/sam/utils/syscalls/gcc/syscalls.o
 .debug_macro   0x00016ee9      0x122 src/ASF/sam/utils/syscalls/gcc/syscalls.o
 .debug_macro   0x0001700b      0x694 src/main.o
 .debug_macro   0x0001769f       0x16 src/main.o

.debug_line     0x00000000     0xcc9b
 .debug_line    0x00000000      0xb48 src/ASF/common/utils/stdio/read.o
 .debug_line    0x00000b48     0x1222 src/ASF/sam/drivers/usart/usart.o
 .debug_line    0x00001d6a      0xb40 src/ASF/common/utils/stdio/write.o
 .debug_line    0x000028aa      0xb4e src/ASF/common/services/delay/sam/cycle_counter.o
 .debug_line    0x000033f8      0xcfb src/ASF/sam/drivers/uart/uart.o
 .debug_line    0x000040f3      0xfed src/esc.o
 .debug_line    0x000050e0      0xcba src/ASF/common/services/clock/sam3x/sysclk.o
 .debug_line    0x00005d9a      0xd4f src/ASF/sam/boards/arduino_due_x/init.o
 .debug_line    0x00006ae9      0xec9 src/ASF/sam/drivers/pio/pio.o
 .debug_line    0x000079b2      0xc0d src/ASF/sam/drivers/pio/pio_handler.o
 .debug_line    0x000085bf     0x10b2 src/ASF/sam/drivers/pmc/pmc.o
 .debug_line    0x00009671      0xb23 src/ASF/sam/utils/cmsis/sam3x/source/templates/exceptions.o
 .debug_line    0x0000a194      0xb6c src/ASF/sam/utils/cmsis/sam3x/source/templates/gcc/startup_sam3x.o
 .debug_line    0x0000ad00      0xb9e src/ASF/sam/utils/cmsis/sam3x/source/templates/system_sam3x.o
 .debug_line    0x0000b89e      0x40b src/ASF/sam/utils/syscalls/gcc/syscalls.o
 .debug_line    0x0000bca9      0xff2 src/main.o

.debug_str      0x00000000    0x647ab
 .debug_str     0x00000000    0x5cdfe src/ASF/common/utils/stdio/read.o
                              0x5d183 (size before relaxing)
 .debug_str     0x0005cdfe      0xc86 src/ASF/sam/drivers/usart/usart.o
                              0x5de00 (size before relaxing)
 .debug_str     0x0005da84       0x2e src/ASF/common/utils/stdio/write.o
                              0x5d184 (size before relaxing)
 .debug_str     0x0005dab2      0x1a9 src/ASF/common/services/delay/sam/cycle_counter.o
                              0x5d2fe (size before relaxing)
 .debug_str     0x0005dc5b      0x334 src/ASF/sam/drivers/uart/uart.o
                              0x5d54f (size before relaxing)
 .debug_str     0x0005df8f     0x47d3 src/esc.o
                              0x61beb (size before relaxing)
 .debug_str     0x00062762      0x418 src/ASF/common/services/clock/sam3x/sysclk.o
                              0x6124d (size before relaxing)
 .debug_str     0x00062b7a      0x2ec src/ASF/sam/boards/arduino_due_x/init.o
                              0x6195b (size before relaxing)
 .debug_str     0x00062e66      0x408 src/ASF/sam/drivers/pio/pio.o
                              0x5db2e (size before relaxing)
 .debug_str     0x0006326e      0x44e src/ASF/sam/drivers/pio/pio_handler.o
                              0x5dc27 (size before relaxing)
 .debug_str     0x000636bc      0x57e src/ASF/sam/drivers/pmc/pmc.o
                              0x5dbaa (size before relaxing)
 .debug_str     0x00063c3a       0x4d src/ASF/sam/utils/cmsis/sam3x/source/templates/exceptions.o
                              0x5d1a3 (size before relaxing)
 .debug_str     0x00063c87       0xd9 src/ASF/sam/utils/cmsis/sam3x/source/templates/gcc/startup_sam3x.o
                              0x5d29f (size before relaxing)
 .debug_str     0x00063d60      0x195 src/ASF/sam/utils/cmsis/sam3x/source/templates/system_sam3x.o
                              0x5d47b (size before relaxing)
 .debug_str     0x00063ef5      0x774 src/ASF/sam/utils/syscalls/gcc/syscalls.o
                               0x7400 (size before relaxing)
 .debug_str     0x00064669      0x142 src/main.o
                              0x620b6 (size before relaxing)

.debug_frame    0x00000000     0x21c8
 .debug_frame   0x00000000       0x30 src/ASF/common/utils/stdio/read.o
 .debug_frame   0x00000030      0x5cc src/ASF/sam/drivers/usart/usart.o
 .debug_frame   0x000005fc       0x48 src/ASF/common/utils/stdio/write.o
 .debug_frame   0x00000644       0x20 src/ASF/common/services/delay/sam/cycle_counter.o
 .debug_frame   0x00000664      0x1bc src/ASF/sam/drivers/uart/uart.o
 .debug_frame   0x00000820       0xac src/esc.o
 .debug_frame   0x000008cc       0x88 src/ASF/common/services/clock/sam3x/sysclk.o
 .debug_frame   0x00000954       0x28 src/ASF/sam/boards/arduino_due_x/init.o
 .debug_frame   0x0000097c      0x2b8 src/ASF/sam/drivers/pio/pio.o
 .debug_frame   0x00000c34       0xf8 src/ASF/sam/drivers/pio/pio_handler.o
 .debug_frame   0x00000d2c      0x404 src/ASF/sam/drivers/pmc/pmc.o
 .debug_frame   0x00001130       0x20 src/ASF/sam/utils/cmsis/sam3x/source/templates/exceptions.o
 .debug_frame   0x00001150       0x28 src/ASF/sam/utils/cmsis/sam3x/source/templates/gcc/startup_sam3x.o
 .debug_frame   0x00001178       0x40 src/ASF/sam/utils/cmsis/sam3x/source/templates/system_sam3x.o
 .debug_frame   0x000011b8       0xa0 src/ASF/sam/utils/syscalls/gcc/syscalls.o
 .debug_frame   0x00001258       0xb4 src/main.o
 .debug_frame   0x0000130c       0x4c c:/program files (x86)/atmel/studio/7.0/toolchain/arm/arm-gnu-toolchain/bin/../lib/gcc/arm-none-eabi/6.3.1/thumb/v7-m\libgcc.a(_arm_addsubsf3.o)
 .debug_frame   0x00001358       0x38 c:/program files (x86)/atmel/studio/7.0/toolchain/arm/arm-gnu-toolchain/bin/../lib/gcc/arm-none-eabi/6.3.1/thumb/v7-m\libgcc.a(_arm_muldivsf3.o)
 .debug_frame   0x00001390       0x24 c:/program files (x86)/atmel/studio/7.0/toolchain/arm/arm-gnu-toolchain/bin/../lib/gcc/arm-none-eabi/6.3.1/thumb/v7-m\libgcc.a(_arm_fixunssfsi.o)
 .debug_frame   0x000013b4       0x2c c:/program files (x86)/atmel/studio/7.0/toolchain/arm/arm-gnu-toolchain/bin/../lib/gcc/arm-none-eabi/6.3.1/../../../../arm-none-eabi/lib/thumb/v7-m\libc.a(lib_a-init.o)
 .debug_frame   0x000013e0       0x78 c:/program files (x86)/atmel/studio/7.0/toolchain/arm/arm-gnu-toolchain/bin/../lib/gcc/arm-none-eabi/6.3.1/../../../../arm-none-eabi/lib/thumb/v7-m\libc.a(lib_a-iprintf.o)
 .debug_frame   0x00001458       0x34 c:/program files (x86)/atmel/studio/7.0/toolchain/arm/arm-gnu-toolchain/bin/../lib/gcc/arm-none-eabi/6.3.1/../../../../arm-none-eabi/lib/thumb/v7-m\libc.a(lib_a-memset.o)
 .debug_frame   0x0000148c       0x3c c:/program files (x86)/atmel/studio/7.0/toolchain/arm/arm-gnu-toolchain/bin/../lib/gcc/arm-none-eabi/6.3.1/../../../../arm-none-eabi/lib/thumb/v7-m\libc.a(lib_a-rget.o)
 .debug_frame   0x000014c8       0x20 c:/program files (x86)/atmel/studio/7.0/toolchain/arm/arm-gnu-toolchain/bin/../lib/gcc/arm-none-eabi/6.3.1/../../../../arm-none-eabi/lib/thumb/v7-m\libc.a(lib_a-setbuf.o)
 .debug_frame   0x000014e8       0x48 c:/program files (x86)/atmel/studio/7.0/toolchain/arm/arm-gnu-toolchain/bin/../lib/gcc/arm-none-eabi/6.3.1/../../../../arm-none-eabi/lib/thumb/v7-m\libc.a(lib_a-setvbuf.o)
 .debug_frame   0x00001530       0xd8 c:/program files (x86)/atmel/studio/7.0/toolchain/arm/arm-gnu-toolchain/bin/../lib/gcc/arm-none-eabi/6.3.1/../../../../arm-none-eabi/lib/thumb/v7-m\libc.a(lib_a-vfiprintf.o)
 .debug_frame   0x00001608       0x2c c:/program files (x86)/atmel/studio/7.0/toolchain/arm/arm-gnu-toolchain/bin/../lib/gcc/arm-none-eabi/6.3.1/../../../../arm-none-eabi/lib/thumb/v7-m\libc.a(lib_a-wsetup.o)
 .debug_frame   0x00001634       0x5c c:/program files (x86)/atmel/studio/7.0/toolchain/arm/arm-gnu-toolchain/bin/../lib/gcc/arm-none-eabi/6.3.1/../../../../arm-none-eabi/lib/thumb/v7-m\libc.a(lib_a-__call_atexit.o)
 .debug_frame   0x00001690       0x20 c:/program files (x86)/atmel/studio/7.0/toolchain/arm/arm-gnu-toolchain/bin/../lib/gcc/arm-none-eabi/6.3.1/../../../../arm-none-eabi/lib/thumb/v7-m\libc.a(lib_a-atexit.o)
 .debug_frame   0x000016b0       0x5c c:/program files (x86)/atmel/studio/7.0/toolchain/arm/arm-gnu-toolchain/bin/../lib/gcc/arm-none-eabi/6.3.1/../../../../arm-none-eabi/lib/thumb/v7-m\libc.a(lib_a-fflush.o)
 .debug_frame   0x0000170c      0x150 c:/program files (x86)/atmel/studio/7.0/toolchain/arm/arm-gnu-toolchain/bin/../lib/gcc/arm-none-eabi/6.3.1/../../../../arm-none-eabi/lib/thumb/v7-m\libc.a(lib_a-findfp.o)
 .debug_frame   0x0000185c       0x34 c:/program files (x86)/atmel/studio/7.0/toolchain/arm/arm-gnu-toolchain/bin/../lib/gcc/arm-none-eabi/6.3.1/../../../../arm-none-eabi/lib/thumb/v7-m\libc.a(lib_a-fini.o)
 .debug_frame   0x00001890       0x90 c:/program files (x86)/atmel/studio/7.0/toolchain/arm/arm-gnu-toolchain/bin/../lib/gcc/arm-none-eabi/6.3.1/../../../../arm-none-eabi/lib/thumb/v7-m\libc.a(lib_a-fputwc.o)
 .debug_frame   0x00001920       0x74 c:/program files (x86)/atmel/studio/7.0/toolchain/arm/arm-gnu-toolchain/bin/../lib/gcc/arm-none-eabi/6.3.1/../../../../arm-none-eabi/lib/thumb/v7-m\libc.a(lib_a-freer.o)
 .debug_frame   0x00001994       0x68 c:/program files (x86)/atmel/studio/7.0/toolchain/arm/arm-gnu-toolchain/bin/../lib/gcc/arm-none-eabi/6.3.1/../../../../arm-none-eabi/lib/thumb/v7-m\libc.a(lib_a-fvwrite.o)
 .debug_frame   0x000019fc       0x54 c:/program files (x86)/atmel/studio/7.0/toolchain/arm/arm-gnu-toolchain/bin/../lib/gcc/arm-none-eabi/6.3.1/../../../../arm-none-eabi/lib/thumb/v7-m\libc.a(lib_a-fwalk.o)
 .debug_frame   0x00001a50       0x6c c:/program files (x86)/atmel/studio/7.0/toolchain/arm/arm-gnu-toolchain/bin/../lib/gcc/arm-none-eabi/6.3.1/../../../../arm-none-eabi/lib/thumb/v7-m\libc.a(lib_a-locale.o)
 .debug_frame   0x00001abc       0xb0 c:/program files (x86)/atmel/studio/7.0/toolchain/arm/arm-gnu-toolchain/bin/../lib/gcc/arm-none-eabi/6.3.1/../../../../arm-none-eabi/lib/thumb/v7-m\libc.a(lib_a-lock.o)
 .debug_frame   0x00001b6c       0x68 c:/program files (x86)/atmel/studio/7.0/toolchain/arm/arm-gnu-toolchain/bin/../lib/gcc/arm-none-eabi/6.3.1/../../../../arm-none-eabi/lib/thumb/v7-m\libc.a(lib_a-makebuf.o)
 .debug_frame   0x00001bd4       0x30 c:/program files (x86)/atmel/studio/7.0/toolchain/arm/arm-gnu-toolchain/bin/../lib/gcc/arm-none-eabi/6.3.1/../../../../arm-none-eabi/lib/thumb/v7-m\libc.a(lib_a-malloc.o)
 .debug_frame   0x00001c04       0x54 c:/program files (x86)/atmel/studio/7.0/toolchain/arm/arm-gnu-toolchain/bin/../lib/gcc/arm-none-eabi/6.3.1/../../../../arm-none-eabi/lib/thumb/v7-m\libc.a(lib_a-mallocr.o)
 .debug_frame   0x00001c58       0x4c c:/program files (x86)/atmel/studio/7.0/toolchain/arm/arm-gnu-toolchain/bin/../lib/gcc/arm-none-eabi/6.3.1/../../../../arm-none-eabi/lib/thumb/v7-m\libc.a(lib_a-mbtowc_r.o)
 .debug_frame   0x00001ca4       0x34 c:/program files (x86)/atmel/studio/7.0/toolchain/arm/arm-gnu-toolchain/bin/../lib/gcc/arm-none-eabi/6.3.1/../../../../arm-none-eabi/lib/thumb/v7-m\libc.a(lib_a-memchr-stub.o)
 .debug_frame   0x00001cd8       0x30 c:/program files (x86)/atmel/studio/7.0/toolchain/arm/arm-gnu-toolchain/bin/../lib/gcc/arm-none-eabi/6.3.1/../../../../arm-none-eabi/lib/thumb/v7-m\libc.a(lib_a-memmove.o)
 .debug_frame   0x00001d08       0x30 c:/program files (x86)/atmel/studio/7.0/toolchain/arm/arm-gnu-toolchain/bin/../lib/gcc/arm-none-eabi/6.3.1/../../../../arm-none-eabi/lib/thumb/v7-m\libc.a(lib_a-mlock.o)
 .debug_frame   0x00001d38       0x68 c:/program files (x86)/atmel/studio/7.0/toolchain/arm/arm-gnu-toolchain/bin/../lib/gcc/arm-none-eabi/6.3.1/../../../../arm-none-eabi/lib/thumb/v7-m\libc.a(lib_a-reallocr.o)
 .debug_frame   0x00001da0       0x40 c:/program files (x86)/atmel/studio/7.0/toolchain/arm/arm-gnu-toolchain/bin/../lib/gcc/arm-none-eabi/6.3.1/../../../../arm-none-eabi/lib/thumb/v7-m\libc.a(lib_a-refill.o)
 .debug_frame   0x00001de0       0x2c c:/program files (x86)/atmel/studio/7.0/toolchain/arm/arm-gnu-toolchain/bin/../lib/gcc/arm-none-eabi/6.3.1/../../../../arm-none-eabi/lib/thumb/v7-m\libc.a(lib_a-sbrkr.o)
 .debug_frame   0x00001e0c       0x88 c:/program files (x86)/atmel/studio/7.0/toolchain/arm/arm-gnu-toolchain/bin/../lib/gcc/arm-none-eabi/6.3.1/../../../../arm-none-eabi/lib/thumb/v7-m\libc.a(lib_a-stdio.o)
 .debug_frame   0x00001e94       0x20 c:/program files (x86)/atmel/studio/7.0/toolchain/arm/arm-gnu-toolchain/bin/../lib/gcc/arm-none-eabi/6.3.1/../../../../arm-none-eabi/lib/thumb/v7-m\libc.a(lib_a-strlen-stub.o)
 .debug_frame   0x00001eb4       0x40 c:/program files (x86)/atmel/studio/7.0/toolchain/arm/arm-gnu-toolchain/bin/../lib/gcc/arm-none-eabi/6.3.1/../../../../arm-none-eabi/lib/thumb/v7-m\libc.a(lib_a-wbuf.o)
 .debug_frame   0x00001ef4       0x5c c:/program files (x86)/atmel/studio/7.0/toolchain/arm/arm-gnu-toolchain/bin/../lib/gcc/arm-none-eabi/6.3.1/../../../../arm-none-eabi/lib/thumb/v7-m\libc.a(lib_a-wcrtomb.o)
 .debug_frame   0x00001f50       0x3c c:/program files (x86)/atmel/studio/7.0/toolchain/arm/arm-gnu-toolchain/bin/../lib/gcc/arm-none-eabi/6.3.1/../../../../arm-none-eabi/lib/thumb/v7-m\libc.a(lib_a-wctomb_r.o)
 .debug_frame   0x00001f8c       0x30 c:/program files (x86)/atmel/studio/7.0/toolchain/arm/arm-gnu-toolchain/bin/../lib/gcc/arm-none-eabi/6.3.1/../../../../arm-none-eabi/lib/thumb/v7-m\libc.a(lib_a-writer.o)
 .debug_frame   0x00001fbc       0x34 c:/program files (x86)/atmel/studio/7.0/toolchain/arm/arm-gnu-toolchain/bin/../lib/gcc/arm-none-eabi/6.3.1/../../../../arm-none-eabi/lib/thumb/v7-m\libc.a(lib_a-__atexit.o)
 .debug_frame   0x00001ff0       0x2c c:/program files (x86)/atmel/studio/7.0/toolchain/arm/arm-gnu-toolchain/bin/../lib/gcc/arm-none-eabi/6.3.1/../../../../arm-none-eabi/lib/thumb/v7-m\libc.a(lib_a-closer.o)
 .debug_frame   0x0000201c       0x3c c:/program files (x86)/atmel/studio/7.0/toolchain/arm/arm-gnu-toolchain/bin/../lib/gcc/arm-none-eabi/6.3.1/../../../../arm-none-eabi/lib/thumb/v7-m\libc.a(lib_a-fclose.o)
 .debug_frame   0x00002058       0x2c c:/program files (x86)/atmel/studio/7.0/toolchain/arm/arm-gnu-toolchain/bin/../lib/gcc/arm-none-eabi/6.3.1/../../../../arm-none-eabi/lib/thumb/v7-m\libc.a(lib_a-fstatr.o)
 .debug_frame   0x00002084       0x2c c:/program files (x86)/atmel/studio/7.0/toolchain/arm/arm-gnu-toolchain/bin/../lib/gcc/arm-none-eabi/6.3.1/../../../../arm-none-eabi/lib/thumb/v7-m\libc.a(lib_a-isattyr.o)
 .debug_frame   0x000020b0       0x30 c:/program files (x86)/atmel/studio/7.0/toolchain/arm/arm-gnu-toolchain/bin/../lib/gcc/arm-none-eabi/6.3.1/../../../../arm-none-eabi/lib/thumb/v7-m\libc.a(lib_a-lseekr.o)
 .debug_frame   0x000020e0       0x30 c:/program files (x86)/atmel/studio/7.0/toolchain/arm/arm-gnu-toolchain/bin/../lib/gcc/arm-none-eabi/6.3.1/../../../../arm-none-eabi/lib/thumb/v7-m\libc.a(lib_a-readr.o)
 .debug_frame   0x00002110       0x58 c:/program files (x86)/atmel/studio/7.0/toolchain/arm/arm-gnu-toolchain/bin/../lib/gcc/arm-none-eabi/6.3.1/../../../../arm-none-eabi/lib/thumb/v7-m\libc.a(lib_a-reent.o)
 .debug_frame   0x00002168       0x2c c:/program files (x86)/atmel/studio/7.0/toolchain/arm/arm-gnu-toolchain/bin/../lib/gcc/arm-none-eabi/6.3.1/thumb/v7-m\libgcc.a(_aeabi_uldivmod.o)
 .debug_frame   0x00002194       0x34 c:/program files (x86)/atmel/studio/7.0/toolchain/arm/arm-gnu-toolchain/bin/../lib/gcc/arm-none-eabi/6.3.1/thumb/v7-m\libgcc.a(_udivmoddi4.o)

Cross Reference Table

Symbol                                            File
ADC_Handler                                       src/ASF/sam/utils/cmsis/sam3x/source/templates/exceptions.o
                                                  src/ASF/sam/utils/cmsis/sam3x/source/templates/gcc/startup_sam3x.o
BusFault_Handler                                  src/ASF/sam/utils/cmsis/sam3x/source/templates/exceptions.o
                                                  src/ASF/sam/utils/cmsis/sam3x/source/templates/gcc/startup_sam3x.o
CAN0_Handler                                      src/ASF/sam/utils/cmsis/sam3x/source/templates/exceptions.o
                                                  src/ASF/sam/utils/cmsis/sam3x/source/templates/gcc/startup_sam3x.o
CAN1_Handler                                      src/ASF/sam/utils/cmsis/sam3x/source/templates/exceptions.o
                                                  src/ASF/sam/utils/cmsis/sam3x/source/templates/gcc/startup_sam3x.o
DACC_Handler                                      src/ASF/sam/utils/cmsis/sam3x/source/templates/exceptions.o
                                                  src/ASF/sam/utils/cmsis/sam3x/source/templates/gcc/startup_sam3x.o
DMAC_Handler                                      src/ASF/sam/utils/cmsis/sam3x/source/templates/exceptions.o
                                                  src/ASF/sam/utils/cmsis/sam3x/source/templates/gcc/startup_sam3x.o
DebugMon_Handler                                  src/ASF/sam/utils/cmsis/sam3x/source/templates/exceptions.o
                                                  src/ASF/sam/utils/cmsis/sam3x/source/templates/gcc/startup_sam3x.o
Dummy_Handler                                     src/ASF/sam/utils/cmsis/sam3x/source/templates/exceptions.o
EFC0_Handler                                      src/ASF/sam/utils/cmsis/sam3x/source/templates/exceptions.o
                                                  src/ASF/sam/utils/cmsis/sam3x/source/templates/gcc/startup_sam3x.o
EFC1_Handler                                      src/ASF/sam/utils/cmsis/sam3x/source/templates/exceptions.o
                                                  src/ASF/sam/utils/cmsis/sam3x/source/templates/gcc/startup_sam3x.o